// Vitest Snapshot v1, https://vitest.dev/guide/snapshot.html

exports[`integration:comments > should parse shell comments 1`] = `
[
  [
    "enter",
    {
      "end": {
        "_bufferIndex": -1,
        "_index": 2,
        "column": 1,
        "line": 2,
        "offset": 10,
      },
      "kind": "hashbang",
      "start": {
        "_bufferIndex": 0,
        "_index": 0,
        "column": 1,
        "line": 1,
        "offset": 0,
      },
      "type": "comment",
    },
  ],
  [
    "enter",
    {
      "end": {
        "_bufferIndex": 2,
        "_index": 0,
        "column": 3,
        "line": 1,
        "offset": 2,
      },
      "start": {
        "_bufferIndex": 0,
        "_index": 0,
        "column": 1,
        "line": 1,
        "offset": 0,
      },
      "type": "commentLinePrefix",
    },
  ],
  [
    "enter",
    {
      "end": {
        "_bufferIndex": 1,
        "_index": 0,
        "column": 2,
        "line": 1,
        "offset": 1,
      },
      "start": {
        "_bufferIndex": 0,
        "_index": 0,
        "column": 1,
        "line": 1,
        "offset": 0,
      },
      "type": "commentMarker",
      "value": "#",
    },
  ],
  [
    "exit",
    {
      "end": {
        "_bufferIndex": 1,
        "_index": 0,
        "column": 2,
        "line": 1,
        "offset": 1,
      },
      "start": {
        "_bufferIndex": 0,
        "_index": 0,
        "column": 1,
        "line": 1,
        "offset": 0,
      },
      "type": "commentMarker",
      "value": "#",
    },
  ],
  [
    "enter",
    {
      "end": {
        "_bufferIndex": 2,
        "_index": 0,
        "column": 3,
        "line": 1,
        "offset": 2,
      },
      "start": {
        "_bufferIndex": 1,
        "_index": 0,
        "column": 2,
        "line": 1,
        "offset": 1,
      },
      "type": "commentMarker",
      "value": "!",
    },
  ],
  [
    "exit",
    {
      "end": {
        "_bufferIndex": 2,
        "_index": 0,
        "column": 3,
        "line": 1,
        "offset": 2,
      },
      "start": {
        "_bufferIndex": 1,
        "_index": 0,
        "column": 2,
        "line": 1,
        "offset": 1,
      },
      "type": "commentMarker",
      "value": "!",
    },
  ],
  [
    "exit",
    {
      "end": {
        "_bufferIndex": 2,
        "_index": 0,
        "column": 3,
        "line": 1,
        "offset": 2,
      },
      "start": {
        "_bufferIndex": 0,
        "_index": 0,
        "column": 1,
        "line": 1,
        "offset": 0,
      },
      "type": "commentLinePrefix",
    },
  ],
  [
    "enter",
    {
      "end": {
        "_bufferIndex": -1,
        "_index": 1,
        "column": 10,
        "line": 1,
        "offset": 9,
      },
      "start": {
        "_bufferIndex": 2,
        "_index": 0,
        "column": 3,
        "line": 1,
        "offset": 2,
      },
      "type": "interpreterPath",
      "value": "/bin/sh",
    },
  ],
  [
    "exit",
    {
      "end": {
        "_bufferIndex": -1,
        "_index": 1,
        "column": 10,
        "line": 1,
        "offset": 9,
      },
      "start": {
        "_bufferIndex": 2,
        "_index": 0,
        "column": 3,
        "line": 1,
        "offset": 2,
      },
      "type": "interpreterPath",
      "value": "/bin/sh",
    },
  ],
  [
    "enter",
    {
      "end": {
        "_bufferIndex": -1,
        "_index": 2,
        "column": 1,
        "line": 2,
        "offset": 10,
      },
      "start": {
        "_bufferIndex": -1,
        "_index": 1,
        "column": 10,
        "line": 1,
        "offset": 9,
      },
      "type": "lineEnding",
      "value": "
",
    },
  ],
  [
    "exit",
    {
      "end": {
        "_bufferIndex": -1,
        "_index": 2,
        "column": 1,
        "line": 2,
        "offset": 10,
      },
      "start": {
        "_bufferIndex": -1,
        "_index": 1,
        "column": 10,
        "line": 1,
        "offset": 9,
      },
      "type": "lineEnding",
      "value": "
",
    },
  ],
  [
    "exit",
    {
      "end": {
        "_bufferIndex": -1,
        "_index": 2,
        "column": 1,
        "line": 2,
        "offset": 10,
      },
      "kind": "hashbang",
      "start": {
        "_bufferIndex": 0,
        "_index": 0,
        "column": 1,
        "line": 1,
        "offset": 0,
      },
      "type": "comment",
    },
  ],
  [
    "enter",
    {
      "end": {
        "_bufferIndex": -1,
        "_index": 16,
        "column": 1,
        "line": 10,
        "offset": 102,
      },
      "kind": "line",
      "start": {
        "_bufferIndex": 0,
        "_index": 6,
        "column": 1,
        "line": 5,
        "offset": 19,
      },
      "type": "comment",
    },
  ],
  [
    "enter",
    {
      "end": {
        "_bufferIndex": 2,
        "_index": 6,
        "column": 3,
        "line": 5,
        "offset": 21,
      },
      "start": {
        "_bufferIndex": 0,
        "_index": 6,
        "column": 1,
        "line": 5,
        "offset": 19,
      },
      "type": "commentLinePrefix",
    },
  ],
  [
    "enter",
    {
      "end": {
        "_bufferIndex": 1,
        "_index": 6,
        "column": 2,
        "line": 5,
        "offset": 20,
      },
      "start": {
        "_bufferIndex": 0,
        "_index": 6,
        "column": 1,
        "line": 5,
        "offset": 19,
      },
      "type": "commentMarker",
      "value": "#",
    },
  ],
  [
    "exit",
    {
      "end": {
        "_bufferIndex": 1,
        "_index": 6,
        "column": 2,
        "line": 5,
        "offset": 20,
      },
      "start": {
        "_bufferIndex": 0,
        "_index": 6,
        "column": 1,
        "line": 5,
        "offset": 19,
      },
      "type": "commentMarker",
      "value": "#",
    },
  ],
  [
    "enter",
    {
      "end": {
        "_bufferIndex": 2,
        "_index": 6,
        "column": 3,
        "line": 5,
        "offset": 21,
      },
      "start": {
        "_bufferIndex": 1,
        "_index": 6,
        "column": 2,
        "line": 5,
        "offset": 20,
      },
      "type": "commentPadding",
      "value": " ",
    },
  ],
  [
    "exit",
    {
      "end": {
        "_bufferIndex": 2,
        "_index": 6,
        "column": 3,
        "line": 5,
        "offset": 21,
      },
      "start": {
        "_bufferIndex": 1,
        "_index": 6,
        "column": 2,
        "line": 5,
        "offset": 20,
      },
      "type": "commentPadding",
      "value": " ",
    },
  ],
  [
    "exit",
    {
      "end": {
        "_bufferIndex": 2,
        "_index": 6,
        "column": 3,
        "line": 5,
        "offset": 21,
      },
      "start": {
        "_bufferIndex": 0,
        "_index": 6,
        "column": 1,
        "line": 5,
        "offset": 19,
      },
      "type": "commentLinePrefix",
    },
  ],
  [
    "enter",
    {
      "_container": true,
      "_region": true,
      "end": {
        "_bufferIndex": -1,
        "_index": 1,
        "column": 40,
        "line": 9,
        "offset": 101,
      },
      "start": {
        "_bufferIndex": 0,
        "_index": 0,
        "column": 3,
        "line": 5,
        "offset": 21,
      },
      "type": "summary",
    },
  ],
  [
    "enter",
    {
      "end": {
        "_bufferIndex": 0,
        "_index": 0,
        "column": 3,
        "line": 5,
        "offset": 21,
      },
      "start": {
        "_bufferIndex": 0,
        "_index": 0,
        "column": 3,
        "line": 5,
        "offset": 21,
      },
      "type": "summaryMarker",
    },
  ],
  [
    "exit",
    {
      "end": {
        "_bufferIndex": 0,
        "_index": 0,
        "column": 3,
        "line": 5,
        "offset": 21,
      },
      "start": {
        "_bufferIndex": 0,
        "_index": 0,
        "column": 3,
        "line": 5,
        "offset": 21,
      },
      "type": "summaryMarker",
    },
  ],
  [
    "enter",
    {
      "end": {
        "_bufferIndex": -1,
        "_index": 1,
        "column": 25,
        "line": 5,
        "offset": 43,
      },
      "start": {
        "_bufferIndex": 0,
        "_index": 0,
        "column": 3,
        "line": 5,
        "offset": 21,
      },
      "type": "content",
    },
  ],
  [
    "enter",
    {
      "end": {
        "_bufferIndex": -1,
        "_index": 1,
        "column": 25,
        "line": 5,
        "offset": 43,
      },
      "start": {
        "_bufferIndex": 0,
        "_index": 0,
        "column": 3,
        "line": 5,
        "offset": 21,
      },
      "type": "paragraph",
    },
  ],
  [
    "enter",
    {
      "end": {
        "_bufferIndex": -1,
        "_index": 1,
        "column": 25,
        "line": 5,
        "offset": 43,
      },
      "start": {
        "_bufferIndex": 0,
        "_index": 0,
        "column": 3,
        "line": 5,
        "offset": 21,
      },
      "type": "data",
      "value": "Local Release Workflow",
    },
  ],
  [
    "exit",
    {
      "end": {
        "_bufferIndex": -1,
        "_index": 1,
        "column": 25,
        "line": 5,
        "offset": 43,
      },
      "start": {
        "_bufferIndex": 0,
        "_index": 0,
        "column": 3,
        "line": 5,
        "offset": 21,
      },
      "type": "data",
      "value": "Local Release Workflow",
    },
  ],
  [
    "exit",
    {
      "end": {
        "_bufferIndex": -1,
        "_index": 1,
        "column": 25,
        "line": 5,
        "offset": 43,
      },
      "start": {
        "_bufferIndex": 0,
        "_index": 0,
        "column": 3,
        "line": 5,
        "offset": 21,
      },
      "type": "paragraph",
    },
  ],
  [
    "exit",
    {
      "end": {
        "_bufferIndex": -1,
        "_index": 1,
        "column": 25,
        "line": 5,
        "offset": 43,
      },
      "start": {
        "_bufferIndex": 0,
        "_index": 0,
        "column": 3,
        "line": 5,
        "offset": 21,
      },
      "type": "content",
    },
  ],
  [
    "enter",
    {
      "end": {
        "_bufferIndex": -1,
        "_index": 2,
        "column": 1,
        "line": 6,
        "offset": 44,
      },
      "start": {
        "_bufferIndex": -1,
        "_index": 1,
        "column": 25,
        "line": 5,
        "offset": 43,
      },
      "type": "lineEnding",
      "value": "
",
    },
  ],
  [
    "exit",
    {
      "end": {
        "_bufferIndex": -1,
        "_index": 2,
        "column": 1,
        "line": 6,
        "offset": 44,
      },
      "start": {
        "_bufferIndex": -1,
        "_index": 1,
        "column": 25,
        "line": 5,
        "offset": 43,
      },
      "type": "lineEnding",
      "value": "
",
    },
  ],
  [
    "enter",
    {
      "end": {
        "_bufferIndex": -1,
        "_index": 9,
        "column": 2,
        "line": 6,
        "offset": 45,
      },
      "start": {
        "_bufferIndex": 0,
        "_index": 8,
        "column": 1,
        "line": 6,
        "offset": 44,
      },
      "type": "commentLinePrefix",
    },
  ],
  [
    "enter",
    {
      "end": {
        "_bufferIndex": -1,
        "_index": 9,
        "column": 2,
        "line": 6,
        "offset": 45,
      },
      "start": {
        "_bufferIndex": 0,
        "_index": 8,
        "column": 1,
        "line": 6,
        "offset": 44,
      },
      "type": "commentMarker",
      "value": "#",
    },
  ],
  [
    "exit",
    {
      "end": {
        "_bufferIndex": -1,
        "_index": 9,
        "column": 2,
        "line": 6,
        "offset": 45,
      },
      "start": {
        "_bufferIndex": 0,
        "_index": 8,
        "column": 1,
        "line": 6,
        "offset": 44,
      },
      "type": "commentMarker",
      "value": "#",
    },
  ],
  [
    "exit",
    {
      "end": {
        "_bufferIndex": -1,
        "_index": 9,
        "column": 2,
        "line": 6,
        "offset": 45,
      },
      "start": {
        "_bufferIndex": 0,
        "_index": 8,
        "column": 1,
        "line": 6,
        "offset": 44,
      },
      "type": "commentLinePrefix",
    },
  ],
  [
    "enter",
    {
      "end": {
        "_bufferIndex": -1,
        "_index": 3,
        "column": 1,
        "line": 7,
        "offset": 46,
      },
      "start": {
        "_bufferIndex": -1,
        "_index": 2,
        "column": 2,
        "line": 6,
        "offset": 45,
      },
      "type": "lineEndingBlank",
      "value": "
",
    },
  ],
  [
    "exit",
    {
      "end": {
        "_bufferIndex": -1,
        "_index": 3,
        "column": 1,
        "line": 7,
        "offset": 46,
      },
      "start": {
        "_bufferIndex": -1,
        "_index": 2,
        "column": 2,
        "line": 6,
        "offset": 45,
      },
      "type": "lineEndingBlank",
      "value": "
",
    },
  ],
  [
    "enter",
    {
      "end": {
        "_bufferIndex": 2,
        "_index": 10,
        "column": 3,
        "line": 7,
        "offset": 48,
      },
      "start": {
        "_bufferIndex": 0,
        "_index": 10,
        "column": 1,
        "line": 7,
        "offset": 46,
      },
      "type": "commentLinePrefix",
    },
  ],
  [
    "enter",
    {
      "end": {
        "_bufferIndex": 1,
        "_index": 10,
        "column": 2,
        "line": 7,
        "offset": 47,
      },
      "start": {
        "_bufferIndex": 0,
        "_index": 10,
        "column": 1,
        "line": 7,
        "offset": 46,
      },
      "type": "commentMarker",
      "value": "#",
    },
  ],
  [
    "exit",
    {
      "end": {
        "_bufferIndex": 1,
        "_index": 10,
        "column": 2,
        "line": 7,
        "offset": 47,
      },
      "start": {
        "_bufferIndex": 0,
        "_index": 10,
        "column": 1,
        "line": 7,
        "offset": 46,
      },
      "type": "commentMarker",
      "value": "#",
    },
  ],
  [
    "enter",
    {
      "end": {
        "_bufferIndex": 2,
        "_index": 10,
        "column": 3,
        "line": 7,
        "offset": 48,
      },
      "start": {
        "_bufferIndex": 1,
        "_index": 10,
        "column": 2,
        "line": 7,
        "offset": 47,
      },
      "type": "commentPadding",
      "value": " ",
    },
  ],
  [
    "exit",
    {
      "end": {
        "_bufferIndex": 2,
        "_index": 10,
        "column": 3,
        "line": 7,
        "offset": 48,
      },
      "start": {
        "_bufferIndex": 1,
        "_index": 10,
        "column": 2,
        "line": 7,
        "offset": 47,
      },
      "type": "commentPadding",
      "value": " ",
    },
  ],
  [
    "exit",
    {
      "end": {
        "_bufferIndex": 2,
        "_index": 10,
        "column": 3,
        "line": 7,
        "offset": 48,
      },
      "start": {
        "_bufferIndex": 0,
        "_index": 10,
        "column": 1,
        "line": 7,
        "offset": 46,
      },
      "type": "commentLinePrefix",
    },
  ],
  [
    "enter",
    {
      "end": {
        "_bufferIndex": -1,
        "_index": 4,
        "column": 14,
        "line": 7,
        "offset": 59,
      },
      "start": {
        "_bufferIndex": 0,
        "_index": 3,
        "column": 3,
        "line": 7,
        "offset": 48,
      },
      "type": "content",
    },
  ],
  [
    "enter",
    {
      "end": {
        "_bufferIndex": -1,
        "_index": 1,
        "column": 14,
        "line": 7,
        "offset": 59,
      },
      "start": {
        "_bufferIndex": 0,
        "_index": 0,
        "column": 3,
        "line": 7,
        "offset": 48,
      },
      "type": "paragraph",
    },
  ],
  [
    "enter",
    {
      "end": {
        "_bufferIndex": -1,
        "_index": 1,
        "column": 14,
        "line": 7,
        "offset": 59,
      },
      "start": {
        "_bufferIndex": 0,
        "_index": 0,
        "column": 3,
        "line": 7,
        "offset": 48,
      },
      "type": "data",
      "value": "References:",
    },
  ],
  [
    "exit",
    {
      "end": {
        "_bufferIndex": -1,
        "_index": 1,
        "column": 14,
        "line": 7,
        "offset": 59,
      },
      "start": {
        "_bufferIndex": 0,
        "_index": 0,
        "column": 3,
        "line": 7,
        "offset": 48,
      },
      "type": "data",
      "value": "References:",
    },
  ],
  [
    "exit",
    {
      "end": {
        "_bufferIndex": -1,
        "_index": 1,
        "column": 14,
        "line": 7,
        "offset": 59,
      },
      "start": {
        "_bufferIndex": 0,
        "_index": 0,
        "column": 3,
        "line": 7,
        "offset": 48,
      },
      "type": "paragraph",
    },
  ],
  [
    "exit",
    {
      "end": {
        "_bufferIndex": -1,
        "_index": 4,
        "column": 14,
        "line": 7,
        "offset": 59,
      },
      "start": {
        "_bufferIndex": 0,
        "_index": 3,
        "column": 3,
        "line": 7,
        "offset": 48,
      },
      "type": "content",
    },
  ],
  [
    "enter",
    {
      "end": {
        "_bufferIndex": -1,
        "_index": 5,
        "column": 1,
        "line": 8,
        "offset": 60,
      },
      "start": {
        "_bufferIndex": -1,
        "_index": 4,
        "column": 14,
        "line": 7,
        "offset": 59,
      },
      "type": "lineEnding",
      "value": "
",
    },
  ],
  [
    "exit",
    {
      "end": {
        "_bufferIndex": -1,
        "_index": 5,
        "column": 1,
        "line": 8,
        "offset": 60,
      },
      "start": {
        "_bufferIndex": -1,
        "_index": 4,
        "column": 14,
        "line": 7,
        "offset": 59,
      },
      "type": "lineEnding",
      "value": "
",
    },
  ],
  [
    "enter",
    {
      "end": {
        "_bufferIndex": -1,
        "_index": 13,
        "column": 2,
        "line": 8,
        "offset": 61,
      },
      "start": {
        "_bufferIndex": 0,
        "_index": 12,
        "column": 1,
        "line": 8,
        "offset": 60,
      },
      "type": "commentLinePrefix",
    },
  ],
  [
    "enter",
    {
      "end": {
        "_bufferIndex": -1,
        "_index": 13,
        "column": 2,
        "line": 8,
        "offset": 61,
      },
      "start": {
        "_bufferIndex": 0,
        "_index": 12,
        "column": 1,
        "line": 8,
        "offset": 60,
      },
      "type": "commentMarker",
      "value": "#",
    },
  ],
  [
    "exit",
    {
      "end": {
        "_bufferIndex": -1,
        "_index": 13,
        "column": 2,
        "line": 8,
        "offset": 61,
      },
      "start": {
        "_bufferIndex": 0,
        "_index": 12,
        "column": 1,
        "line": 8,
        "offset": 60,
      },
      "type": "commentMarker",
      "value": "#",
    },
  ],
  [
    "exit",
    {
      "end": {
        "_bufferIndex": -1,
        "_index": 13,
        "column": 2,
        "line": 8,
        "offset": 61,
      },
      "start": {
        "_bufferIndex": 0,
        "_index": 12,
        "column": 1,
        "line": 8,
        "offset": 60,
      },
      "type": "commentLinePrefix",
    },
  ],
  [
    "enter",
    {
      "end": {
        "_bufferIndex": -1,
        "_index": 6,
        "column": 1,
        "line": 9,
        "offset": 62,
      },
      "start": {
        "_bufferIndex": -1,
        "_index": 5,
        "column": 2,
        "line": 8,
        "offset": 61,
      },
      "type": "lineEndingBlank",
      "value": "
",
    },
  ],
  [
    "exit",
    {
      "end": {
        "_bufferIndex": -1,
        "_index": 6,
        "column": 1,
        "line": 9,
        "offset": 62,
      },
      "start": {
        "_bufferIndex": -1,
        "_index": 5,
        "column": 2,
        "line": 8,
        "offset": 61,
      },
      "type": "lineEndingBlank",
      "value": "
",
    },
  ],
  [
    "enter",
    {
      "end": {
        "_bufferIndex": 2,
        "_index": 14,
        "column": 3,
        "line": 9,
        "offset": 64,
      },
      "start": {
        "_bufferIndex": 0,
        "_index": 14,
        "column": 1,
        "line": 9,
        "offset": 62,
      },
      "type": "commentLinePrefix",
    },
  ],
  [
    "enter",
    {
      "end": {
        "_bufferIndex": 1,
        "_index": 14,
        "column": 2,
        "line": 9,
        "offset": 63,
      },
      "start": {
        "_bufferIndex": 0,
        "_index": 14,
        "column": 1,
        "line": 9,
        "offset": 62,
      },
      "type": "commentMarker",
      "value": "#",
    },
  ],
  [
    "exit",
    {
      "end": {
        "_bufferIndex": 1,
        "_index": 14,
        "column": 2,
        "line": 9,
        "offset": 63,
      },
      "start": {
        "_bufferIndex": 0,
        "_index": 14,
        "column": 1,
        "line": 9,
        "offset": 62,
      },
      "type": "commentMarker",
      "value": "#",
    },
  ],
  [
    "enter",
    {
      "end": {
        "_bufferIndex": 2,
        "_index": 14,
        "column": 3,
        "line": 9,
        "offset": 64,
      },
      "start": {
        "_bufferIndex": 1,
        "_index": 14,
        "column": 2,
        "line": 9,
        "offset": 63,
      },
      "type": "commentPadding",
      "value": " ",
    },
  ],
  [
    "exit",
    {
      "end": {
        "_bufferIndex": 2,
        "_index": 14,
        "column": 3,
        "line": 9,
        "offset": 64,
      },
      "start": {
        "_bufferIndex": 1,
        "_index": 14,
        "column": 2,
        "line": 9,
        "offset": 63,
      },
      "type": "commentPadding",
      "value": " ",
    },
  ],
  [
    "exit",
    {
      "end": {
        "_bufferIndex": 2,
        "_index": 14,
        "column": 3,
        "line": 9,
        "offset": 64,
      },
      "start": {
        "_bufferIndex": 0,
        "_index": 14,
        "column": 1,
        "line": 9,
        "offset": 62,
      },
      "type": "commentLinePrefix",
    },
  ],
  [
    "enter",
    {
      "_container": true,
      "end": {
        "_bufferIndex": -1,
        "_index": 1,
        "column": 40,
        "line": 9,
        "offset": 101,
      },
      "start": {
        "_bufferIndex": 0,
        "_index": 6,
        "column": 3,
        "line": 9,
        "offset": 64,
      },
      "type": "listUnordered",
    },
  ],
  [
    "enter",
    {
      "end": {
        "_bufferIndex": 2,
        "_index": 6,
        "column": 5,
        "line": 9,
        "offset": 66,
      },
      "start": {
        "_bufferIndex": 0,
        "_index": 6,
        "column": 3,
        "line": 9,
        "offset": 64,
      },
      "type": "listItemPrefix",
    },
  ],
  [
    "enter",
    {
      "end": {
        "_bufferIndex": 1,
        "_index": 6,
        "column": 4,
        "line": 9,
        "offset": 65,
      },
      "start": {
        "_bufferIndex": 0,
        "_index": 6,
        "column": 3,
        "line": 9,
        "offset": 64,
      },
      "type": "listItemMarker",
      "value": "-",
    },
  ],
  [
    "exit",
    {
      "end": {
        "_bufferIndex": 1,
        "_index": 6,
        "column": 4,
        "line": 9,
        "offset": 65,
      },
      "start": {
        "_bufferIndex": 0,
        "_index": 6,
        "column": 3,
        "line": 9,
        "offset": 64,
      },
      "type": "listItemMarker",
      "value": "-",
    },
  ],
  [
    "enter",
    {
      "end": {
        "_bufferIndex": 2,
        "_index": 6,
        "column": 5,
        "line": 9,
        "offset": 66,
      },
      "start": {
        "_bufferIndex": 1,
        "_index": 6,
        "column": 4,
        "line": 9,
        "offset": 65,
      },
      "type": "listItemPrefixWhitespace",
      "value": " ",
    },
  ],
  [
    "exit",
    {
      "end": {
        "_bufferIndex": 2,
        "_index": 6,
        "column": 5,
        "line": 9,
        "offset": 66,
      },
      "start": {
        "_bufferIndex": 1,
        "_index": 6,
        "column": 4,
        "line": 9,
        "offset": 65,
      },
      "type": "listItemPrefixWhitespace",
      "value": " ",
    },
  ],
  [
    "exit",
    {
      "end": {
        "_bufferIndex": 2,
        "_index": 6,
        "column": 5,
        "line": 9,
        "offset": 66,
      },
      "start": {
        "_bufferIndex": 0,
        "_index": 6,
        "column": 3,
        "line": 9,
        "offset": 64,
      },
      "type": "listItemPrefix",
    },
  ],
  [
    "enter",
    {
      "end": {
        "_bufferIndex": -1,
        "_index": 1,
        "column": 40,
        "line": 9,
        "offset": 101,
      },
      "start": {
        "_bufferIndex": 0,
        "_index": 0,
        "column": 5,
        "line": 9,
        "offset": 66,
      },
      "type": "content",
    },
  ],
  [
    "enter",
    {
      "end": {
        "_bufferIndex": -1,
        "_index": 1,
        "column": 40,
        "line": 9,
        "offset": 101,
      },
      "start": {
        "_bufferIndex": 0,
        "_index": 0,
        "column": 5,
        "line": 9,
        "offset": 66,
      },
      "type": "paragraph",
    },
  ],
  [
    "enter",
    {
      "end": {
        "_bufferIndex": -1,
        "_index": 1,
        "column": 40,
        "line": 9,
        "offset": 101,
      },
      "start": {
        "_bufferIndex": 0,
        "_index": 0,
        "column": 5,
        "line": 9,
        "offset": 66,
      },
      "type": "data",
      "value": "https://git-scm.com/docs/git-commit",
    },
  ],
  [
    "exit",
    {
      "end": {
        "_bufferIndex": -1,
        "_index": 1,
        "column": 40,
        "line": 9,
        "offset": 101,
      },
      "start": {
        "_bufferIndex": 0,
        "_index": 0,
        "column": 5,
        "line": 9,
        "offset": 66,
      },
      "type": "data",
      "value": "https://git-scm.com/docs/git-commit",
    },
  ],
  [
    "exit",
    {
      "end": {
        "_bufferIndex": -1,
        "_index": 1,
        "column": 40,
        "line": 9,
        "offset": 101,
      },
      "start": {
        "_bufferIndex": 0,
        "_index": 0,
        "column": 5,
        "line": 9,
        "offset": 66,
      },
      "type": "paragraph",
    },
  ],
  [
    "exit",
    {
      "end": {
        "_bufferIndex": -1,
        "_index": 1,
        "column": 40,
        "line": 9,
        "offset": 101,
      },
      "start": {
        "_bufferIndex": 0,
        "_index": 0,
        "column": 5,
        "line": 9,
        "offset": 66,
      },
      "type": "content",
    },
  ],
  [
    "exit",
    {
      "_container": true,
      "end": {
        "_bufferIndex": -1,
        "_index": 1,
        "column": 40,
        "line": 9,
        "offset": 101,
      },
      "start": {
        "_bufferIndex": 0,
        "_index": 6,
        "column": 3,
        "line": 9,
        "offset": 64,
      },
      "type": "listUnordered",
    },
  ],
  [
    "exit",
    {
      "_container": true,
      "_region": true,
      "end": {
        "_bufferIndex": -1,
        "_index": 1,
        "column": 40,
        "line": 9,
        "offset": 101,
      },
      "start": {
        "_bufferIndex": 0,
        "_index": 0,
        "column": 3,
        "line": 5,
        "offset": 21,
      },
      "type": "summary",
    },
  ],
  [
    "enter",
    {
      "end": {
        "_bufferIndex": -1,
        "_index": 2,
        "column": 1,
        "line": 10,
        "offset": 102,
      },
      "start": {
        "_bufferIndex": -1,
        "_index": 1,
        "column": 40,
        "line": 9,
        "offset": 101,
      },
      "type": "lineEnding",
      "value": "
",
    },
  ],
  [
    "exit",
    {
      "end": {
        "_bufferIndex": -1,
        "_index": 2,
        "column": 1,
        "line": 10,
        "offset": 102,
      },
      "start": {
        "_bufferIndex": -1,
        "_index": 1,
        "column": 40,
        "line": 9,
        "offset": 101,
      },
      "type": "lineEnding",
      "value": "
",
    },
  ],
  [
    "exit",
    {
      "end": {
        "_bufferIndex": -1,
        "_index": 16,
        "column": 1,
        "line": 10,
        "offset": 102,
      },
      "kind": "line",
      "start": {
        "_bufferIndex": 0,
        "_index": 6,
        "column": 1,
        "line": 5,
        "offset": 19,
      },
      "type": "comment",
    },
  ],
  [
    "enter",
    {
      "end": {
        "_bufferIndex": -1,
        "_index": 17,
        "column": 1,
        "line": 10,
        "offset": 102,
      },
      "start": {
        "_bufferIndex": -1,
        "_index": 16,
        "column": 1,
        "line": 10,
        "offset": 102,
      },
      "type": "eoc",
    },
  ],
  [
    "exit",
    {
      "end": {
        "_bufferIndex": -1,
        "_index": 17,
        "column": 1,
        "line": 10,
        "offset": 102,
      },
      "start": {
        "_bufferIndex": -1,
        "_index": 16,
        "column": 1,
        "line": 10,
        "offset": 102,
      },
      "type": "eoc",
    },
  ],
]
`;
