// Vitest Snapshot v1, https://vitest.dev/guide/snapshot.html

exports[`e2e:comments > should parse shell comments ("multiline/01.txt",undefined) 1`] = `
[
  [
    "enter",
    {
      "end": {
        "_bufferIndex": -1,
        "_index": 7,
        "column": 2,
        "line": 4,
        "offset": 11,
      },
      "kind": "line",
      "start": {
        "_bufferIndex": 0,
        "_index": 0,
        "column": 1,
        "line": 1,
        "offset": 0,
      },
      "type": "comment",
    },
  ],
  [
    "enter",
    {
      "end": {
        "_bufferIndex": -1,
        "_index": 1,
        "column": 2,
        "line": 1,
        "offset": 1,
      },
      "start": {
        "_bufferIndex": 0,
        "_index": 0,
        "column": 1,
        "line": 1,
        "offset": 0,
      },
      "type": "commentLinePrefix",
    },
  ],
  [
    "enter",
    {
      "end": {
        "_bufferIndex": -1,
        "_index": 1,
        "column": 2,
        "line": 1,
        "offset": 1,
      },
      "start": {
        "_bufferIndex": 0,
        "_index": 0,
        "column": 1,
        "line": 1,
        "offset": 0,
      },
      "type": "commentMarker",
      "value": "#",
    },
  ],
  [
    "exit",
    {
      "end": {
        "_bufferIndex": -1,
        "_index": 1,
        "column": 2,
        "line": 1,
        "offset": 1,
      },
      "start": {
        "_bufferIndex": 0,
        "_index": 0,
        "column": 1,
        "line": 1,
        "offset": 0,
      },
      "type": "commentMarker",
      "value": "#",
    },
  ],
  [
    "exit",
    {
      "end": {
        "_bufferIndex": -1,
        "_index": 1,
        "column": 2,
        "line": 1,
        "offset": 1,
      },
      "start": {
        "_bufferIndex": 0,
        "_index": 0,
        "column": 1,
        "line": 1,
        "offset": 0,
      },
      "type": "commentLinePrefix",
    },
  ],
  [
    "enter",
    {
      "end": {
        "_bufferIndex": -1,
        "_index": 1,
        "column": 1,
        "line": 2,
        "offset": 2,
      },
      "start": {
        "_bufferIndex": -1,
        "_index": 0,
        "column": 2,
        "line": 1,
        "offset": 1,
      },
      "type": "lineEndingBlank",
      "value": "
",
    },
  ],
  [
    "exit",
    {
      "end": {
        "_bufferIndex": -1,
        "_index": 1,
        "column": 1,
        "line": 2,
        "offset": 2,
      },
      "start": {
        "_bufferIndex": -1,
        "_index": 0,
        "column": 2,
        "line": 1,
        "offset": 1,
      },
      "type": "lineEndingBlank",
      "value": "
",
    },
  ],
  [
    "enter",
    {
      "end": {
        "_bufferIndex": -1,
        "_index": 3,
        "column": 3,
        "line": 2,
        "offset": 4,
      },
      "start": {
        "_bufferIndex": 0,
        "_index": 2,
        "column": 1,
        "line": 2,
        "offset": 2,
      },
      "type": "commentLinePrefix",
    },
  ],
  [
    "enter",
    {
      "end": {
        "_bufferIndex": 1,
        "_index": 2,
        "column": 2,
        "line": 2,
        "offset": 3,
      },
      "start": {
        "_bufferIndex": 0,
        "_index": 2,
        "column": 1,
        "line": 2,
        "offset": 2,
      },
      "type": "commentMarker",
      "value": "#",
    },
  ],
  [
    "exit",
    {
      "end": {
        "_bufferIndex": 1,
        "_index": 2,
        "column": 2,
        "line": 2,
        "offset": 3,
      },
      "start": {
        "_bufferIndex": 0,
        "_index": 2,
        "column": 1,
        "line": 2,
        "offset": 2,
      },
      "type": "commentMarker",
      "value": "#",
    },
  ],
  [
    "enter",
    {
      "end": {
        "_bufferIndex": -1,
        "_index": 3,
        "column": 3,
        "line": 2,
        "offset": 4,
      },
      "start": {
        "_bufferIndex": 1,
        "_index": 2,
        "column": 2,
        "line": 2,
        "offset": 3,
      },
      "type": "commentPadding",
      "value": " ",
    },
  ],
  [
    "exit",
    {
      "end": {
        "_bufferIndex": -1,
        "_index": 3,
        "column": 3,
        "line": 2,
        "offset": 4,
      },
      "start": {
        "_bufferIndex": 1,
        "_index": 2,
        "column": 2,
        "line": 2,
        "offset": 3,
      },
      "type": "commentPadding",
      "value": " ",
    },
  ],
  [
    "exit",
    {
      "end": {
        "_bufferIndex": -1,
        "_index": 3,
        "column": 3,
        "line": 2,
        "offset": 4,
      },
      "start": {
        "_bufferIndex": 0,
        "_index": 2,
        "column": 1,
        "line": 2,
        "offset": 2,
      },
      "type": "commentLinePrefix",
    },
  ],
  [
    "enter",
    {
      "end": {
        "_bufferIndex": -1,
        "_index": 2,
        "column": 1,
        "line": 3,
        "offset": 5,
      },
      "start": {
        "_bufferIndex": -1,
        "_index": 1,
        "column": 3,
        "line": 2,
        "offset": 4,
      },
      "type": "lineEndingBlank",
      "value": "
",
    },
  ],
  [
    "exit",
    {
      "end": {
        "_bufferIndex": -1,
        "_index": 2,
        "column": 1,
        "line": 3,
        "offset": 5,
      },
      "start": {
        "_bufferIndex": -1,
        "_index": 1,
        "column": 3,
        "line": 2,
        "offset": 4,
      },
      "type": "lineEndingBlank",
      "value": "
",
    },
  ],
  [
    "enter",
    {
      "end": {
        "_bufferIndex": 2,
        "_index": 4,
        "column": 3,
        "line": 3,
        "offset": 7,
      },
      "start": {
        "_bufferIndex": 0,
        "_index": 4,
        "column": 1,
        "line": 3,
        "offset": 5,
      },
      "type": "commentLinePrefix",
    },
  ],
  [
    "enter",
    {
      "end": {
        "_bufferIndex": 1,
        "_index": 4,
        "column": 2,
        "line": 3,
        "offset": 6,
      },
      "start": {
        "_bufferIndex": 0,
        "_index": 4,
        "column": 1,
        "line": 3,
        "offset": 5,
      },
      "type": "commentMarker",
      "value": "#",
    },
  ],
  [
    "exit",
    {
      "end": {
        "_bufferIndex": 1,
        "_index": 4,
        "column": 2,
        "line": 3,
        "offset": 6,
      },
      "start": {
        "_bufferIndex": 0,
        "_index": 4,
        "column": 1,
        "line": 3,
        "offset": 5,
      },
      "type": "commentMarker",
      "value": "#",
    },
  ],
  [
    "enter",
    {
      "end": {
        "_bufferIndex": 2,
        "_index": 4,
        "column": 3,
        "line": 3,
        "offset": 7,
      },
      "start": {
        "_bufferIndex": 1,
        "_index": 4,
        "column": 2,
        "line": 3,
        "offset": 6,
      },
      "type": "commentPadding",
      "value": " ",
    },
  ],
  [
    "exit",
    {
      "end": {
        "_bufferIndex": 2,
        "_index": 4,
        "column": 3,
        "line": 3,
        "offset": 7,
      },
      "start": {
        "_bufferIndex": 1,
        "_index": 4,
        "column": 2,
        "line": 3,
        "offset": 6,
      },
      "type": "commentPadding",
      "value": " ",
    },
  ],
  [
    "exit",
    {
      "end": {
        "_bufferIndex": 2,
        "_index": 4,
        "column": 3,
        "line": 3,
        "offset": 7,
      },
      "start": {
        "_bufferIndex": 0,
        "_index": 4,
        "column": 1,
        "line": 3,
        "offset": 5,
      },
      "type": "commentLinePrefix",
    },
  ],
  [
    "enter",
    {
      "end": {
        "_bufferIndex": -1,
        "_index": 3,
        "column": 5,
        "line": 3,
        "offset": 9,
      },
      "start": {
        "_bufferIndex": 0,
        "_index": 2,
        "column": 3,
        "line": 3,
        "offset": 7,
      },
      "type": "linePrefix",
      "value": "  ",
    },
  ],
  [
    "exit",
    {
      "end": {
        "_bufferIndex": -1,
        "_index": 3,
        "column": 5,
        "line": 3,
        "offset": 9,
      },
      "start": {
        "_bufferIndex": 0,
        "_index": 2,
        "column": 3,
        "line": 3,
        "offset": 7,
      },
      "type": "linePrefix",
      "value": "  ",
    },
  ],
  [
    "enter",
    {
      "end": {
        "_bufferIndex": -1,
        "_index": 4,
        "column": 1,
        "line": 4,
        "offset": 10,
      },
      "start": {
        "_bufferIndex": -1,
        "_index": 3,
        "column": 5,
        "line": 3,
        "offset": 9,
      },
      "type": "lineEndingBlank",
      "value": "
",
    },
  ],
  [
    "exit",
    {
      "end": {
        "_bufferIndex": -1,
        "_index": 4,
        "column": 1,
        "line": 4,
        "offset": 10,
      },
      "start": {
        "_bufferIndex": -1,
        "_index": 3,
        "column": 5,
        "line": 3,
        "offset": 9,
      },
      "type": "lineEndingBlank",
      "value": "
",
    },
  ],
  [
    "enter",
    {
      "end": {
        "_bufferIndex": -1,
        "_index": 7,
        "column": 2,
        "line": 4,
        "offset": 11,
      },
      "start": {
        "_bufferIndex": 0,
        "_index": 6,
        "column": 1,
        "line": 4,
        "offset": 10,
      },
      "type": "commentLinePrefix",
    },
  ],
  [
    "enter",
    {
      "end": {
        "_bufferIndex": -1,
        "_index": 7,
        "column": 2,
        "line": 4,
        "offset": 11,
      },
      "start": {
        "_bufferIndex": 0,
        "_index": 6,
        "column": 1,
        "line": 4,
        "offset": 10,
      },
      "type": "commentMarker",
      "value": "#",
    },
  ],
  [
    "exit",
    {
      "end": {
        "_bufferIndex": -1,
        "_index": 7,
        "column": 2,
        "line": 4,
        "offset": 11,
      },
      "start": {
        "_bufferIndex": 0,
        "_index": 6,
        "column": 1,
        "line": 4,
        "offset": 10,
      },
      "type": "commentMarker",
      "value": "#",
    },
  ],
  [
    "exit",
    {
      "end": {
        "_bufferIndex": -1,
        "_index": 7,
        "column": 2,
        "line": 4,
        "offset": 11,
      },
      "start": {
        "_bufferIndex": 0,
        "_index": 6,
        "column": 1,
        "line": 4,
        "offset": 10,
      },
      "type": "commentLinePrefix",
    },
  ],
  [
    "exit",
    {
      "end": {
        "_bufferIndex": -1,
        "_index": 7,
        "column": 2,
        "line": 4,
        "offset": 11,
      },
      "kind": "line",
      "start": {
        "_bufferIndex": 0,
        "_index": 0,
        "column": 1,
        "line": 1,
        "offset": 0,
      },
      "type": "comment",
    },
  ],
  [
    "enter",
    {
      "end": {
        "_bufferIndex": -1,
        "_index": 8,
        "column": 2,
        "line": 4,
        "offset": 11,
      },
      "start": {
        "_bufferIndex": -1,
        "_index": 7,
        "column": 2,
        "line": 4,
        "offset": 11,
      },
      "type": "eoc",
    },
  ],
  [
    "exit",
    {
      "end": {
        "_bufferIndex": -1,
        "_index": 8,
        "column": 2,
        "line": 4,
        "offset": 11,
      },
      "start": {
        "_bufferIndex": -1,
        "_index": 7,
        "column": 2,
        "line": 4,
        "offset": 11,
      },
      "type": "eoc",
    },
  ],
]
`;

exports[`e2e:comments > should parse shell comments ("no-eol/01.txt",undefined) 1`] = `
[
  [
    "enter",
    {
      "end": {
        "_bufferIndex": -1,
        "_index": 1,
        "column": 36,
        "line": 1,
        "offset": 35,
      },
      "kind": "line",
      "start": {
        "_bufferIndex": 0,
        "_index": 0,
        "column": 1,
        "line": 1,
        "offset": 0,
      },
      "type": "comment",
    },
  ],
  [
    "enter",
    {
      "end": {
        "_bufferIndex": 2,
        "_index": 0,
        "column": 3,
        "line": 1,
        "offset": 2,
      },
      "start": {
        "_bufferIndex": 0,
        "_index": 0,
        "column": 1,
        "line": 1,
        "offset": 0,
      },
      "type": "commentLinePrefix",
    },
  ],
  [
    "enter",
    {
      "end": {
        "_bufferIndex": 1,
        "_index": 0,
        "column": 2,
        "line": 1,
        "offset": 1,
      },
      "start": {
        "_bufferIndex": 0,
        "_index": 0,
        "column": 1,
        "line": 1,
        "offset": 0,
      },
      "type": "commentMarker",
      "value": "#",
    },
  ],
  [
    "exit",
    {
      "end": {
        "_bufferIndex": 1,
        "_index": 0,
        "column": 2,
        "line": 1,
        "offset": 1,
      },
      "start": {
        "_bufferIndex": 0,
        "_index": 0,
        "column": 1,
        "line": 1,
        "offset": 0,
      },
      "type": "commentMarker",
      "value": "#",
    },
  ],
  [
    "enter",
    {
      "end": {
        "_bufferIndex": 2,
        "_index": 0,
        "column": 3,
        "line": 1,
        "offset": 2,
      },
      "start": {
        "_bufferIndex": 1,
        "_index": 0,
        "column": 2,
        "line": 1,
        "offset": 1,
      },
      "type": "commentPadding",
      "value": " ",
    },
  ],
  [
    "exit",
    {
      "end": {
        "_bufferIndex": 2,
        "_index": 0,
        "column": 3,
        "line": 1,
        "offset": 2,
      },
      "start": {
        "_bufferIndex": 1,
        "_index": 0,
        "column": 2,
        "line": 1,
        "offset": 1,
      },
      "type": "commentPadding",
      "value": " ",
    },
  ],
  [
    "exit",
    {
      "end": {
        "_bufferIndex": 2,
        "_index": 0,
        "column": 3,
        "line": 1,
        "offset": 2,
      },
      "start": {
        "_bufferIndex": 0,
        "_index": 0,
        "column": 1,
        "line": 1,
        "offset": 0,
      },
      "type": "commentLinePrefix",
    },
  ],
  [
    "enter",
    {
      "_container": true,
      "_region": true,
      "end": {
        "_bufferIndex": -1,
        "_index": 1,
        "column": 36,
        "line": 1,
        "offset": 35,
      },
      "start": {
        "_bufferIndex": 0,
        "_index": 0,
        "column": 3,
        "line": 1,
        "offset": 2,
      },
      "type": "summary",
    },
  ],
  [
    "enter",
    {
      "end": {
        "_bufferIndex": 0,
        "_index": 0,
        "column": 3,
        "line": 1,
        "offset": 2,
      },
      "start": {
        "_bufferIndex": 0,
        "_index": 0,
        "column": 3,
        "line": 1,
        "offset": 2,
      },
      "type": "summaryMarker",
    },
  ],
  [
    "exit",
    {
      "end": {
        "_bufferIndex": 0,
        "_index": 0,
        "column": 3,
        "line": 1,
        "offset": 2,
      },
      "start": {
        "_bufferIndex": 0,
        "_index": 0,
        "column": 3,
        "line": 1,
        "offset": 2,
      },
      "type": "summaryMarker",
    },
  ],
  [
    "enter",
    {
      "end": {
        "_bufferIndex": -1,
        "_index": 1,
        "column": 36,
        "line": 1,
        "offset": 35,
      },
      "start": {
        "_bufferIndex": 0,
        "_index": 0,
        "column": 3,
        "line": 1,
        "offset": 2,
      },
      "type": "content",
    },
  ],
  [
    "enter",
    {
      "end": {
        "_bufferIndex": -1,
        "_index": 1,
        "column": 36,
        "line": 1,
        "offset": 35,
      },
      "start": {
        "_bufferIndex": 0,
        "_index": 0,
        "column": 3,
        "line": 1,
        "offset": 2,
      },
      "type": "paragraph",
    },
  ],
  [
    "enter",
    {
      "end": {
        "_bufferIndex": -1,
        "_index": 1,
        "column": 36,
        "line": 1,
        "offset": 35,
      },
      "start": {
        "_bufferIndex": 0,
        "_index": 0,
        "column": 3,
        "line": 1,
        "offset": 2,
      },
      "type": "data",
      "value": "aggregate labels into one string.",
    },
  ],
  [
    "exit",
    {
      "end": {
        "_bufferIndex": -1,
        "_index": 1,
        "column": 36,
        "line": 1,
        "offset": 35,
      },
      "start": {
        "_bufferIndex": 0,
        "_index": 0,
        "column": 3,
        "line": 1,
        "offset": 2,
      },
      "type": "data",
      "value": "aggregate labels into one string.",
    },
  ],
  [
    "exit",
    {
      "end": {
        "_bufferIndex": -1,
        "_index": 1,
        "column": 36,
        "line": 1,
        "offset": 35,
      },
      "start": {
        "_bufferIndex": 0,
        "_index": 0,
        "column": 3,
        "line": 1,
        "offset": 2,
      },
      "type": "paragraph",
    },
  ],
  [
    "exit",
    {
      "end": {
        "_bufferIndex": -1,
        "_index": 1,
        "column": 36,
        "line": 1,
        "offset": 35,
      },
      "start": {
        "_bufferIndex": 0,
        "_index": 0,
        "column": 3,
        "line": 1,
        "offset": 2,
      },
      "type": "content",
    },
  ],
  [
    "exit",
    {
      "_container": true,
      "_region": true,
      "end": {
        "_bufferIndex": -1,
        "_index": 1,
        "column": 36,
        "line": 1,
        "offset": 35,
      },
      "start": {
        "_bufferIndex": 0,
        "_index": 0,
        "column": 3,
        "line": 1,
        "offset": 2,
      },
      "type": "summary",
    },
  ],
  [
    "exit",
    {
      "end": {
        "_bufferIndex": -1,
        "_index": 1,
        "column": 36,
        "line": 1,
        "offset": 35,
      },
      "kind": "line",
      "start": {
        "_bufferIndex": 0,
        "_index": 0,
        "column": 1,
        "line": 1,
        "offset": 0,
      },
      "type": "comment",
    },
  ],
  [
    "enter",
    {
      "end": {
        "_bufferIndex": -1,
        "_index": 2,
        "column": 36,
        "line": 1,
        "offset": 35,
      },
      "start": {
        "_bufferIndex": -1,
        "_index": 1,
        "column": 36,
        "line": 1,
        "offset": 35,
      },
      "type": "eoc",
    },
  ],
  [
    "exit",
    {
      "end": {
        "_bufferIndex": -1,
        "_index": 2,
        "column": 36,
        "line": 1,
        "offset": 35,
      },
      "start": {
        "_bufferIndex": -1,
        "_index": 1,
        "column": 36,
        "line": 1,
        "offset": 35,
      },
      "type": "eoc",
    },
  ],
]
`;

exports[`e2e:comments > should parse shell comments ("no-eol/02.txt",undefined) 1`] = `
[
  [
    "enter",
    {
      "end": {
        "_bufferIndex": -1,
        "_index": 1,
        "column": 21,
        "line": 1,
        "offset": 20,
      },
      "kind": "line",
      "start": {
        "_bufferIndex": 0,
        "_index": 0,
        "column": 1,
        "line": 1,
        "offset": 0,
      },
      "type": "comment",
    },
  ],
  [
    "enter",
    {
      "end": {
        "_bufferIndex": 1,
        "_index": 0,
        "column": 2,
        "line": 1,
        "offset": 1,
      },
      "start": {
        "_bufferIndex": 0,
        "_index": 0,
        "column": 1,
        "line": 1,
        "offset": 0,
      },
      "type": "commentLinePrefix",
    },
  ],
  [
    "enter",
    {
      "end": {
        "_bufferIndex": 1,
        "_index": 0,
        "column": 2,
        "line": 1,
        "offset": 1,
      },
      "start": {
        "_bufferIndex": 0,
        "_index": 0,
        "column": 1,
        "line": 1,
        "offset": 0,
      },
      "type": "commentMarker",
      "value": "#",
    },
  ],
  [
    "exit",
    {
      "end": {
        "_bufferIndex": 1,
        "_index": 0,
        "column": 2,
        "line": 1,
        "offset": 1,
      },
      "start": {
        "_bufferIndex": 0,
        "_index": 0,
        "column": 1,
        "line": 1,
        "offset": 0,
      },
      "type": "commentMarker",
      "value": "#",
    },
  ],
  [
    "exit",
    {
      "end": {
        "_bufferIndex": 1,
        "_index": 0,
        "column": 2,
        "line": 1,
        "offset": 1,
      },
      "start": {
        "_bufferIndex": 0,
        "_index": 0,
        "column": 1,
        "line": 1,
        "offset": 0,
      },
      "type": "commentLinePrefix",
    },
  ],
  [
    "enter",
    {
      "_container": true,
      "_region": true,
      "end": {
        "_bufferIndex": -1,
        "_index": 1,
        "column": 21,
        "line": 1,
        "offset": 20,
      },
      "start": {
        "_bufferIndex": 0,
        "_index": 0,
        "column": 2,
        "line": 1,
        "offset": 1,
      },
      "type": "summary",
    },
  ],
  [
    "enter",
    {
      "end": {
        "_bufferIndex": 0,
        "_index": 0,
        "column": 2,
        "line": 1,
        "offset": 1,
      },
      "start": {
        "_bufferIndex": 0,
        "_index": 0,
        "column": 2,
        "line": 1,
        "offset": 1,
      },
      "type": "summaryMarker",
    },
  ],
  [
    "exit",
    {
      "end": {
        "_bufferIndex": 0,
        "_index": 0,
        "column": 2,
        "line": 1,
        "offset": 1,
      },
      "start": {
        "_bufferIndex": 0,
        "_index": 0,
        "column": 2,
        "line": 1,
        "offset": 1,
      },
      "type": "summaryMarker",
    },
  ],
  [
    "enter",
    {
      "end": {
        "_bufferIndex": -1,
        "_index": 1,
        "column": 21,
        "line": 1,
        "offset": 20,
      },
      "start": {
        "_bufferIndex": 0,
        "_index": 0,
        "column": 2,
        "line": 1,
        "offset": 1,
      },
      "type": "content",
    },
  ],
  [
    "enter",
    {
      "end": {
        "_bufferIndex": -1,
        "_index": 1,
        "column": 21,
        "line": 1,
        "offset": 20,
      },
      "start": {
        "_bufferIndex": 0,
        "_index": 0,
        "column": 2,
        "line": 1,
        "offset": 1,
      },
      "type": "paragraph",
    },
  ],
  [
    "enter",
    {
      "end": {
        "_bufferIndex": -1,
        "_index": 1,
        "column": 21,
        "line": 1,
        "offset": 20,
      },
      "start": {
        "_bufferIndex": 0,
        "_index": 0,
        "column": 2,
        "line": 1,
        "offset": 1,
      },
      "type": "data",
      "value": "add package labels.",
    },
  ],
  [
    "exit",
    {
      "end": {
        "_bufferIndex": -1,
        "_index": 1,
        "column": 21,
        "line": 1,
        "offset": 20,
      },
      "start": {
        "_bufferIndex": 0,
        "_index": 0,
        "column": 2,
        "line": 1,
        "offset": 1,
      },
      "type": "data",
      "value": "add package labels.",
    },
  ],
  [
    "exit",
    {
      "end": {
        "_bufferIndex": -1,
        "_index": 1,
        "column": 21,
        "line": 1,
        "offset": 20,
      },
      "start": {
        "_bufferIndex": 0,
        "_index": 0,
        "column": 2,
        "line": 1,
        "offset": 1,
      },
      "type": "paragraph",
    },
  ],
  [
    "exit",
    {
      "end": {
        "_bufferIndex": -1,
        "_index": 1,
        "column": 21,
        "line": 1,
        "offset": 20,
      },
      "start": {
        "_bufferIndex": 0,
        "_index": 0,
        "column": 2,
        "line": 1,
        "offset": 1,
      },
      "type": "content",
    },
  ],
  [
    "exit",
    {
      "_container": true,
      "_region": true,
      "end": {
        "_bufferIndex": -1,
        "_index": 1,
        "column": 21,
        "line": 1,
        "offset": 20,
      },
      "start": {
        "_bufferIndex": 0,
        "_index": 0,
        "column": 2,
        "line": 1,
        "offset": 1,
      },
      "type": "summary",
    },
  ],
  [
    "exit",
    {
      "end": {
        "_bufferIndex": -1,
        "_index": 1,
        "column": 21,
        "line": 1,
        "offset": 20,
      },
      "kind": "line",
      "start": {
        "_bufferIndex": 0,
        "_index": 0,
        "column": 1,
        "line": 1,
        "offset": 0,
      },
      "type": "comment",
    },
  ],
  [
    "enter",
    {
      "end": {
        "_bufferIndex": -1,
        "_index": 2,
        "column": 21,
        "line": 1,
        "offset": 20,
      },
      "start": {
        "_bufferIndex": -1,
        "_index": 1,
        "column": 21,
        "line": 1,
        "offset": 20,
      },
      "type": "eoc",
    },
  ],
  [
    "exit",
    {
      "end": {
        "_bufferIndex": -1,
        "_index": 2,
        "column": 21,
        "line": 1,
        "offset": 20,
      },
      "start": {
        "_bufferIndex": -1,
        "_index": 1,
        "column": 21,
        "line": 1,
        "offset": 20,
      },
      "type": "eoc",
    },
  ],
]
`;

exports[`e2e:comments > should parse shell comments ("opener-only/01.txt",undefined) 1`] = `
[
  [
    "enter",
    {
      "end": {
        "_bufferIndex": -1,
        "_index": 1,
        "column": 2,
        "line": 1,
        "offset": 1,
      },
      "kind": "line",
      "start": {
        "_bufferIndex": 0,
        "_index": 0,
        "column": 1,
        "line": 1,
        "offset": 0,
      },
      "type": "comment",
    },
  ],
  [
    "enter",
    {
      "end": {
        "_bufferIndex": -1,
        "_index": 1,
        "column": 2,
        "line": 1,
        "offset": 1,
      },
      "start": {
        "_bufferIndex": 0,
        "_index": 0,
        "column": 1,
        "line": 1,
        "offset": 0,
      },
      "type": "commentLinePrefix",
    },
  ],
  [
    "enter",
    {
      "end": {
        "_bufferIndex": -1,
        "_index": 1,
        "column": 2,
        "line": 1,
        "offset": 1,
      },
      "start": {
        "_bufferIndex": 0,
        "_index": 0,
        "column": 1,
        "line": 1,
        "offset": 0,
      },
      "type": "commentMarker",
      "value": "#",
    },
  ],
  [
    "exit",
    {
      "end": {
        "_bufferIndex": -1,
        "_index": 1,
        "column": 2,
        "line": 1,
        "offset": 1,
      },
      "start": {
        "_bufferIndex": 0,
        "_index": 0,
        "column": 1,
        "line": 1,
        "offset": 0,
      },
      "type": "commentMarker",
      "value": "#",
    },
  ],
  [
    "exit",
    {
      "end": {
        "_bufferIndex": -1,
        "_index": 1,
        "column": 2,
        "line": 1,
        "offset": 1,
      },
      "start": {
        "_bufferIndex": 0,
        "_index": 0,
        "column": 1,
        "line": 1,
        "offset": 0,
      },
      "type": "commentLinePrefix",
    },
  ],
  [
    "exit",
    {
      "end": {
        "_bufferIndex": -1,
        "_index": 1,
        "column": 2,
        "line": 1,
        "offset": 1,
      },
      "kind": "line",
      "start": {
        "_bufferIndex": 0,
        "_index": 0,
        "column": 1,
        "line": 1,
        "offset": 0,
      },
      "type": "comment",
    },
  ],
  [
    "enter",
    {
      "end": {
        "_bufferIndex": -1,
        "_index": 2,
        "column": 2,
        "line": 1,
        "offset": 1,
      },
      "start": {
        "_bufferIndex": -1,
        "_index": 1,
        "column": 2,
        "line": 1,
        "offset": 1,
      },
      "type": "eoc",
    },
  ],
  [
    "exit",
    {
      "end": {
        "_bufferIndex": -1,
        "_index": 2,
        "column": 2,
        "line": 1,
        "offset": 1,
      },
      "start": {
        "_bufferIndex": -1,
        "_index": 1,
        "column": 2,
        "line": 1,
        "offset": 1,
      },
      "type": "eoc",
    },
  ],
]
`;

exports[`e2e:comments > should parse shell comments ("opener-only/02.txt",undefined) 1`] = `
[
  [
    "enter",
    {
      "end": {
        "_bufferIndex": -1,
        "_index": 2,
        "column": 1,
        "line": 2,
        "offset": 2,
      },
      "kind": "line",
      "start": {
        "_bufferIndex": 0,
        "_index": 0,
        "column": 1,
        "line": 1,
        "offset": 0,
      },
      "type": "comment",
    },
  ],
  [
    "enter",
    {
      "end": {
        "_bufferIndex": -1,
        "_index": 1,
        "column": 2,
        "line": 1,
        "offset": 1,
      },
      "start": {
        "_bufferIndex": 0,
        "_index": 0,
        "column": 1,
        "line": 1,
        "offset": 0,
      },
      "type": "commentLinePrefix",
    },
  ],
  [
    "enter",
    {
      "end": {
        "_bufferIndex": -1,
        "_index": 1,
        "column": 2,
        "line": 1,
        "offset": 1,
      },
      "start": {
        "_bufferIndex": 0,
        "_index": 0,
        "column": 1,
        "line": 1,
        "offset": 0,
      },
      "type": "commentMarker",
      "value": "#",
    },
  ],
  [
    "exit",
    {
      "end": {
        "_bufferIndex": -1,
        "_index": 1,
        "column": 2,
        "line": 1,
        "offset": 1,
      },
      "start": {
        "_bufferIndex": 0,
        "_index": 0,
        "column": 1,
        "line": 1,
        "offset": 0,
      },
      "type": "commentMarker",
      "value": "#",
    },
  ],
  [
    "exit",
    {
      "end": {
        "_bufferIndex": -1,
        "_index": 1,
        "column": 2,
        "line": 1,
        "offset": 1,
      },
      "start": {
        "_bufferIndex": 0,
        "_index": 0,
        "column": 1,
        "line": 1,
        "offset": 0,
      },
      "type": "commentLinePrefix",
    },
  ],
  [
    "enter",
    {
      "end": {
        "_bufferIndex": -1,
        "_index": 1,
        "column": 1,
        "line": 2,
        "offset": 2,
      },
      "start": {
        "_bufferIndex": -1,
        "_index": 0,
        "column": 2,
        "line": 1,
        "offset": 1,
      },
      "type": "lineEndingBlank",
      "value": "
",
    },
  ],
  [
    "exit",
    {
      "end": {
        "_bufferIndex": -1,
        "_index": 1,
        "column": 1,
        "line": 2,
        "offset": 2,
      },
      "start": {
        "_bufferIndex": -1,
        "_index": 0,
        "column": 2,
        "line": 1,
        "offset": 1,
      },
      "type": "lineEndingBlank",
      "value": "
",
    },
  ],
  [
    "exit",
    {
      "end": {
        "_bufferIndex": -1,
        "_index": 2,
        "column": 1,
        "line": 2,
        "offset": 2,
      },
      "kind": "line",
      "start": {
        "_bufferIndex": 0,
        "_index": 0,
        "column": 1,
        "line": 1,
        "offset": 0,
      },
      "type": "comment",
    },
  ],
  [
    "enter",
    {
      "end": {
        "_bufferIndex": -1,
        "_index": 3,
        "column": 1,
        "line": 2,
        "offset": 2,
      },
      "start": {
        "_bufferIndex": -1,
        "_index": 2,
        "column": 1,
        "line": 2,
        "offset": 2,
      },
      "type": "eoc",
    },
  ],
  [
    "exit",
    {
      "end": {
        "_bufferIndex": -1,
        "_index": 3,
        "column": 1,
        "line": 2,
        "offset": 2,
      },
      "start": {
        "_bufferIndex": -1,
        "_index": 2,
        "column": 1,
        "line": 2,
        "offset": 2,
      },
      "type": "eoc",
    },
  ],
]
`;

exports[`e2e:comments > should parse shell comments ("opener-only/03.txt",undefined) 1`] = `
[
  [
    "enter",
    {
      "end": {
        "_bufferIndex": -1,
        "_index": 1,
        "column": 3,
        "line": 1,
        "offset": 2,
      },
      "kind": "line",
      "start": {
        "_bufferIndex": 0,
        "_index": 0,
        "column": 1,
        "line": 1,
        "offset": 0,
      },
      "type": "comment",
    },
  ],
  [
    "enter",
    {
      "end": {
        "_bufferIndex": -1,
        "_index": 1,
        "column": 3,
        "line": 1,
        "offset": 2,
      },
      "start": {
        "_bufferIndex": 0,
        "_index": 0,
        "column": 1,
        "line": 1,
        "offset": 0,
      },
      "type": "commentLinePrefix",
    },
  ],
  [
    "enter",
    {
      "end": {
        "_bufferIndex": 1,
        "_index": 0,
        "column": 2,
        "line": 1,
        "offset": 1,
      },
      "start": {
        "_bufferIndex": 0,
        "_index": 0,
        "column": 1,
        "line": 1,
        "offset": 0,
      },
      "type": "commentMarker",
      "value": "#",
    },
  ],
  [
    "exit",
    {
      "end": {
        "_bufferIndex": 1,
        "_index": 0,
        "column": 2,
        "line": 1,
        "offset": 1,
      },
      "start": {
        "_bufferIndex": 0,
        "_index": 0,
        "column": 1,
        "line": 1,
        "offset": 0,
      },
      "type": "commentMarker",
      "value": "#",
    },
  ],
  [
    "enter",
    {
      "end": {
        "_bufferIndex": -1,
        "_index": 1,
        "column": 3,
        "line": 1,
        "offset": 2,
      },
      "start": {
        "_bufferIndex": 1,
        "_index": 0,
        "column": 2,
        "line": 1,
        "offset": 1,
      },
      "type": "commentPadding",
      "value": " ",
    },
  ],
  [
    "exit",
    {
      "end": {
        "_bufferIndex": -1,
        "_index": 1,
        "column": 3,
        "line": 1,
        "offset": 2,
      },
      "start": {
        "_bufferIndex": 1,
        "_index": 0,
        "column": 2,
        "line": 1,
        "offset": 1,
      },
      "type": "commentPadding",
      "value": " ",
    },
  ],
  [
    "exit",
    {
      "end": {
        "_bufferIndex": -1,
        "_index": 1,
        "column": 3,
        "line": 1,
        "offset": 2,
      },
      "start": {
        "_bufferIndex": 0,
        "_index": 0,
        "column": 1,
        "line": 1,
        "offset": 0,
      },
      "type": "commentLinePrefix",
    },
  ],
  [
    "exit",
    {
      "end": {
        "_bufferIndex": -1,
        "_index": 1,
        "column": 3,
        "line": 1,
        "offset": 2,
      },
      "kind": "line",
      "start": {
        "_bufferIndex": 0,
        "_index": 0,
        "column": 1,
        "line": 1,
        "offset": 0,
      },
      "type": "comment",
    },
  ],
  [
    "enter",
    {
      "end": {
        "_bufferIndex": -1,
        "_index": 2,
        "column": 3,
        "line": 1,
        "offset": 2,
      },
      "start": {
        "_bufferIndex": -1,
        "_index": 1,
        "column": 3,
        "line": 1,
        "offset": 2,
      },
      "type": "eoc",
    },
  ],
  [
    "exit",
    {
      "end": {
        "_bufferIndex": -1,
        "_index": 2,
        "column": 3,
        "line": 1,
        "offset": 2,
      },
      "start": {
        "_bufferIndex": -1,
        "_index": 1,
        "column": 3,
        "line": 1,
        "offset": 2,
      },
      "type": "eoc",
    },
  ],
]
`;

exports[`e2e:comments > should parse shell comments ("opener-only/04.txt",undefined) 1`] = `
[
  [
    "enter",
    {
      "end": {
        "_bufferIndex": -1,
        "_index": 2,
        "column": 1,
        "line": 2,
        "offset": 3,
      },
      "kind": "line",
      "start": {
        "_bufferIndex": 0,
        "_index": 0,
        "column": 1,
        "line": 1,
        "offset": 0,
      },
      "type": "comment",
    },
  ],
  [
    "enter",
    {
      "end": {
        "_bufferIndex": -1,
        "_index": 1,
        "column": 3,
        "line": 1,
        "offset": 2,
      },
      "start": {
        "_bufferIndex": 0,
        "_index": 0,
        "column": 1,
        "line": 1,
        "offset": 0,
      },
      "type": "commentLinePrefix",
    },
  ],
  [
    "enter",
    {
      "end": {
        "_bufferIndex": 1,
        "_index": 0,
        "column": 2,
        "line": 1,
        "offset": 1,
      },
      "start": {
        "_bufferIndex": 0,
        "_index": 0,
        "column": 1,
        "line": 1,
        "offset": 0,
      },
      "type": "commentMarker",
      "value": "#",
    },
  ],
  [
    "exit",
    {
      "end": {
        "_bufferIndex": 1,
        "_index": 0,
        "column": 2,
        "line": 1,
        "offset": 1,
      },
      "start": {
        "_bufferIndex": 0,
        "_index": 0,
        "column": 1,
        "line": 1,
        "offset": 0,
      },
      "type": "commentMarker",
      "value": "#",
    },
  ],
  [
    "enter",
    {
      "end": {
        "_bufferIndex": -1,
        "_index": 1,
        "column": 3,
        "line": 1,
        "offset": 2,
      },
      "start": {
        "_bufferIndex": 1,
        "_index": 0,
        "column": 2,
        "line": 1,
        "offset": 1,
      },
      "type": "commentPadding",
      "value": " ",
    },
  ],
  [
    "exit",
    {
      "end": {
        "_bufferIndex": -1,
        "_index": 1,
        "column": 3,
        "line": 1,
        "offset": 2,
      },
      "start": {
        "_bufferIndex": 1,
        "_index": 0,
        "column": 2,
        "line": 1,
        "offset": 1,
      },
      "type": "commentPadding",
      "value": " ",
    },
  ],
  [
    "exit",
    {
      "end": {
        "_bufferIndex": -1,
        "_index": 1,
        "column": 3,
        "line": 1,
        "offset": 2,
      },
      "start": {
        "_bufferIndex": 0,
        "_index": 0,
        "column": 1,
        "line": 1,
        "offset": 0,
      },
      "type": "commentLinePrefix",
    },
  ],
  [
    "enter",
    {
      "end": {
        "_bufferIndex": -1,
        "_index": 1,
        "column": 1,
        "line": 2,
        "offset": 3,
      },
      "start": {
        "_bufferIndex": -1,
        "_index": 0,
        "column": 3,
        "line": 1,
        "offset": 2,
      },
      "type": "lineEndingBlank",
      "value": "
",
    },
  ],
  [
    "exit",
    {
      "end": {
        "_bufferIndex": -1,
        "_index": 1,
        "column": 1,
        "line": 2,
        "offset": 3,
      },
      "start": {
        "_bufferIndex": -1,
        "_index": 0,
        "column": 3,
        "line": 1,
        "offset": 2,
      },
      "type": "lineEndingBlank",
      "value": "
",
    },
  ],
  [
    "exit",
    {
      "end": {
        "_bufferIndex": -1,
        "_index": 2,
        "column": 1,
        "line": 2,
        "offset": 3,
      },
      "kind": "line",
      "start": {
        "_bufferIndex": 0,
        "_index": 0,
        "column": 1,
        "line": 1,
        "offset": 0,
      },
      "type": "comment",
    },
  ],
  [
    "enter",
    {
      "end": {
        "_bufferIndex": -1,
        "_index": 3,
        "column": 1,
        "line": 2,
        "offset": 3,
      },
      "start": {
        "_bufferIndex": -1,
        "_index": 2,
        "column": 1,
        "line": 2,
        "offset": 3,
      },
      "type": "eoc",
    },
  ],
  [
    "exit",
    {
      "end": {
        "_bufferIndex": -1,
        "_index": 3,
        "column": 1,
        "line": 2,
        "offset": 3,
      },
      "start": {
        "_bufferIndex": -1,
        "_index": 2,
        "column": 1,
        "line": 2,
        "offset": 3,
      },
      "type": "eoc",
    },
  ],
]
`;

exports[`e2e:comments > should parse shell comments ("source/01.txt",undefined) 1`] = `
[
  [
    "enter",
    {
      "end": {
        "_bufferIndex": 0,
        "_index": 2,
        "column": 1,
        "line": 2,
        "offset": 10,
      },
      "kind": "hashbang",
      "start": {
        "_bufferIndex": 0,
        "_index": 0,
        "column": 1,
        "line": 1,
        "offset": 0,
      },
      "type": "comment",
    },
  ],
  [
    "enter",
    {
      "end": {
        "_bufferIndex": 2,
        "_index": 0,
        "column": 3,
        "line": 1,
        "offset": 2,
      },
      "start": {
        "_bufferIndex": 0,
        "_index": 0,
        "column": 1,
        "line": 1,
        "offset": 0,
      },
      "type": "commentLinePrefix",
    },
  ],
  [
    "enter",
    {
      "end": {
        "_bufferIndex": 1,
        "_index": 0,
        "column": 2,
        "line": 1,
        "offset": 1,
      },
      "start": {
        "_bufferIndex": 0,
        "_index": 0,
        "column": 1,
        "line": 1,
        "offset": 0,
      },
      "type": "commentMarker",
      "value": "#",
    },
  ],
  [
    "exit",
    {
      "end": {
        "_bufferIndex": 1,
        "_index": 0,
        "column": 2,
        "line": 1,
        "offset": 1,
      },
      "start": {
        "_bufferIndex": 0,
        "_index": 0,
        "column": 1,
        "line": 1,
        "offset": 0,
      },
      "type": "commentMarker",
      "value": "#",
    },
  ],
  [
    "enter",
    {
      "end": {
        "_bufferIndex": 2,
        "_index": 0,
        "column": 3,
        "line": 1,
        "offset": 2,
      },
      "start": {
        "_bufferIndex": 1,
        "_index": 0,
        "column": 2,
        "line": 1,
        "offset": 1,
      },
      "type": "commentMarker",
      "value": "!",
    },
  ],
  [
    "exit",
    {
      "end": {
        "_bufferIndex": 2,
        "_index": 0,
        "column": 3,
        "line": 1,
        "offset": 2,
      },
      "start": {
        "_bufferIndex": 1,
        "_index": 0,
        "column": 2,
        "line": 1,
        "offset": 1,
      },
      "type": "commentMarker",
      "value": "!",
    },
  ],
  [
    "exit",
    {
      "end": {
        "_bufferIndex": 2,
        "_index": 0,
        "column": 3,
        "line": 1,
        "offset": 2,
      },
      "start": {
        "_bufferIndex": 0,
        "_index": 0,
        "column": 1,
        "line": 1,
        "offset": 0,
      },
      "type": "commentLinePrefix",
    },
  ],
  [
    "enter",
    {
      "end": {
        "_bufferIndex": -1,
        "_index": 1,
        "column": 10,
        "line": 1,
        "offset": 9,
      },
      "start": {
        "_bufferIndex": 2,
        "_index": 0,
        "column": 3,
        "line": 1,
        "offset": 2,
      },
      "type": "interpreterPath",
      "value": "/bin/sh",
    },
  ],
  [
    "exit",
    {
      "end": {
        "_bufferIndex": -1,
        "_index": 1,
        "column": 10,
        "line": 1,
        "offset": 9,
      },
      "start": {
        "_bufferIndex": 2,
        "_index": 0,
        "column": 3,
        "line": 1,
        "offset": 2,
      },
      "type": "interpreterPath",
      "value": "/bin/sh",
    },
  ],
  [
    "enter",
    {
      "end": {
        "_bufferIndex": -1,
        "_index": 2,
        "column": 1,
        "line": 2,
        "offset": 10,
      },
      "start": {
        "_bufferIndex": -1,
        "_index": 1,
        "column": 10,
        "line": 1,
        "offset": 9,
      },
      "type": "lineEnding",
      "value": "
",
    },
  ],
  [
    "exit",
    {
      "end": {
        "_bufferIndex": -1,
        "_index": 2,
        "column": 1,
        "line": 2,
        "offset": 10,
      },
      "start": {
        "_bufferIndex": -1,
        "_index": 1,
        "column": 10,
        "line": 1,
        "offset": 9,
      },
      "type": "lineEnding",
      "value": "
",
    },
  ],
  [
    "exit",
    {
      "end": {
        "_bufferIndex": 0,
        "_index": 2,
        "column": 1,
        "line": 2,
        "offset": 10,
      },
      "kind": "hashbang",
      "start": {
        "_bufferIndex": 0,
        "_index": 0,
        "column": 1,
        "line": 1,
        "offset": 0,
      },
      "type": "comment",
    },
  ],
  [
    "enter",
    {
      "end": {
        "_bufferIndex": -1,
        "_index": 4,
        "column": 1,
        "line": 3,
        "offset": 45,
      },
      "kind": "line",
      "start": {
        "_bufferIndex": 0,
        "_index": 2,
        "column": 1,
        "line": 2,
        "offset": 10,
      },
      "type": "comment",
    },
  ],
  [
    "enter",
    {
      "end": {
        "_bufferIndex": 1,
        "_index": 2,
        "column": 2,
        "line": 2,
        "offset": 11,
      },
      "start": {
        "_bufferIndex": 0,
        "_index": 2,
        "column": 1,
        "line": 2,
        "offset": 10,
      },
      "type": "commentLinePrefix",
    },
  ],
  [
    "enter",
    {
      "end": {
        "_bufferIndex": 1,
        "_index": 2,
        "column": 2,
        "line": 2,
        "offset": 11,
      },
      "start": {
        "_bufferIndex": 0,
        "_index": 2,
        "column": 1,
        "line": 2,
        "offset": 10,
      },
      "type": "commentMarker",
      "value": "#",
    },
  ],
  [
    "exit",
    {
      "end": {
        "_bufferIndex": 1,
        "_index": 2,
        "column": 2,
        "line": 2,
        "offset": 11,
      },
      "start": {
        "_bufferIndex": 0,
        "_index": 2,
        "column": 1,
        "line": 2,
        "offset": 10,
      },
      "type": "commentMarker",
      "value": "#",
    },
  ],
  [
    "exit",
    {
      "end": {
        "_bufferIndex": 1,
        "_index": 2,
        "column": 2,
        "line": 2,
        "offset": 11,
      },
      "start": {
        "_bufferIndex": 0,
        "_index": 2,
        "column": 1,
        "line": 2,
        "offset": 10,
      },
      "type": "commentLinePrefix",
    },
  ],
  [
    "enter",
    {
      "_container": true,
      "_region": true,
      "end": {
        "_bufferIndex": -1,
        "_index": 1,
        "column": 35,
        "line": 2,
        "offset": 44,
      },
      "start": {
        "_bufferIndex": 0,
        "_index": 0,
        "column": 2,
        "line": 2,
        "offset": 11,
      },
      "type": "summary",
    },
  ],
  [
    "enter",
    {
      "end": {
        "_bufferIndex": 0,
        "_index": 0,
        "column": 2,
        "line": 2,
        "offset": 11,
      },
      "start": {
        "_bufferIndex": 0,
        "_index": 0,
        "column": 2,
        "line": 2,
        "offset": 11,
      },
      "type": "summaryMarker",
    },
  ],
  [
    "exit",
    {
      "end": {
        "_bufferIndex": 0,
        "_index": 0,
        "column": 2,
        "line": 2,
        "offset": 11,
      },
      "start": {
        "_bufferIndex": 0,
        "_index": 0,
        "column": 2,
        "line": 2,
        "offset": 11,
      },
      "type": "summaryMarker",
    },
  ],
  [
    "enter",
    {
      "end": {
        "_bufferIndex": -1,
        "_index": 1,
        "column": 35,
        "line": 2,
        "offset": 44,
      },
      "start": {
        "_bufferIndex": 0,
        "_index": 0,
        "column": 2,
        "line": 2,
        "offset": 11,
      },
      "type": "content",
    },
  ],
  [
    "enter",
    {
      "end": {
        "_bufferIndex": -1,
        "_index": 1,
        "column": 35,
        "line": 2,
        "offset": 44,
      },
      "start": {
        "_bufferIndex": 0,
        "_index": 0,
        "column": 2,
        "line": 2,
        "offset": 11,
      },
      "type": "paragraph",
    },
  ],
  [
    "enter",
    {
      "end": {
        "_bufferIndex": -1,
        "_index": 1,
        "column": 35,
        "line": 2,
        "offset": 44,
      },
      "start": {
        "_bufferIndex": 0,
        "_index": 0,
        "column": 2,
        "line": 2,
        "offset": 11,
      },
      "type": "data",
      "value": "!/not/a/hashbang --just-a-comment",
    },
  ],
  [
    "exit",
    {
      "end": {
        "_bufferIndex": -1,
        "_index": 1,
        "column": 35,
        "line": 2,
        "offset": 44,
      },
      "start": {
        "_bufferIndex": 0,
        "_index": 0,
        "column": 2,
        "line": 2,
        "offset": 11,
      },
      "type": "data",
      "value": "!/not/a/hashbang --just-a-comment",
    },
  ],
  [
    "exit",
    {
      "end": {
        "_bufferIndex": -1,
        "_index": 1,
        "column": 35,
        "line": 2,
        "offset": 44,
      },
      "start": {
        "_bufferIndex": 0,
        "_index": 0,
        "column": 2,
        "line": 2,
        "offset": 11,
      },
      "type": "paragraph",
    },
  ],
  [
    "exit",
    {
      "end": {
        "_bufferIndex": -1,
        "_index": 1,
        "column": 35,
        "line": 2,
        "offset": 44,
      },
      "start": {
        "_bufferIndex": 0,
        "_index": 0,
        "column": 2,
        "line": 2,
        "offset": 11,
      },
      "type": "content",
    },
  ],
  [
    "exit",
    {
      "_container": true,
      "_region": true,
      "end": {
        "_bufferIndex": -1,
        "_index": 1,
        "column": 35,
        "line": 2,
        "offset": 44,
      },
      "start": {
        "_bufferIndex": 0,
        "_index": 0,
        "column": 2,
        "line": 2,
        "offset": 11,
      },
      "type": "summary",
    },
  ],
  [
    "enter",
    {
      "end": {
        "_bufferIndex": -1,
        "_index": 2,
        "column": 1,
        "line": 3,
        "offset": 45,
      },
      "start": {
        "_bufferIndex": -1,
        "_index": 1,
        "column": 35,
        "line": 2,
        "offset": 44,
      },
      "type": "lineEnding",
      "value": "
",
    },
  ],
  [
    "exit",
    {
      "end": {
        "_bufferIndex": -1,
        "_index": 2,
        "column": 1,
        "line": 3,
        "offset": 45,
      },
      "start": {
        "_bufferIndex": -1,
        "_index": 1,
        "column": 35,
        "line": 2,
        "offset": 44,
      },
      "type": "lineEnding",
      "value": "
",
    },
  ],
  [
    "exit",
    {
      "end": {
        "_bufferIndex": -1,
        "_index": 4,
        "column": 1,
        "line": 3,
        "offset": 45,
      },
      "kind": "line",
      "start": {
        "_bufferIndex": 0,
        "_index": 2,
        "column": 1,
        "line": 2,
        "offset": 10,
      },
      "type": "comment",
    },
  ],
  [
    "enter",
    {
      "end": {
        "_bufferIndex": -1,
        "_index": 18,
        "column": 1,
        "line": 11,
        "offset": 137,
      },
      "kind": "line",
      "start": {
        "_bufferIndex": 0,
        "_index": 8,
        "column": 1,
        "line": 6,
        "offset": 54,
      },
      "type": "comment",
    },
  ],
  [
    "enter",
    {
      "end": {
        "_bufferIndex": 2,
        "_index": 8,
        "column": 3,
        "line": 6,
        "offset": 56,
      },
      "start": {
        "_bufferIndex": 0,
        "_index": 8,
        "column": 1,
        "line": 6,
        "offset": 54,
      },
      "type": "commentLinePrefix",
    },
  ],
  [
    "enter",
    {
      "end": {
        "_bufferIndex": 1,
        "_index": 8,
        "column": 2,
        "line": 6,
        "offset": 55,
      },
      "start": {
        "_bufferIndex": 0,
        "_index": 8,
        "column": 1,
        "line": 6,
        "offset": 54,
      },
      "type": "commentMarker",
      "value": "#",
    },
  ],
  [
    "exit",
    {
      "end": {
        "_bufferIndex": 1,
        "_index": 8,
        "column": 2,
        "line": 6,
        "offset": 55,
      },
      "start": {
        "_bufferIndex": 0,
        "_index": 8,
        "column": 1,
        "line": 6,
        "offset": 54,
      },
      "type": "commentMarker",
      "value": "#",
    },
  ],
  [
    "enter",
    {
      "end": {
        "_bufferIndex": 2,
        "_index": 8,
        "column": 3,
        "line": 6,
        "offset": 56,
      },
      "start": {
        "_bufferIndex": 1,
        "_index": 8,
        "column": 2,
        "line": 6,
        "offset": 55,
      },
      "type": "commentPadding",
      "value": " ",
    },
  ],
  [
    "exit",
    {
      "end": {
        "_bufferIndex": 2,
        "_index": 8,
        "column": 3,
        "line": 6,
        "offset": 56,
      },
      "start": {
        "_bufferIndex": 1,
        "_index": 8,
        "column": 2,
        "line": 6,
        "offset": 55,
      },
      "type": "commentPadding",
      "value": " ",
    },
  ],
  [
    "exit",
    {
      "end": {
        "_bufferIndex": 2,
        "_index": 8,
        "column": 3,
        "line": 6,
        "offset": 56,
      },
      "start": {
        "_bufferIndex": 0,
        "_index": 8,
        "column": 1,
        "line": 6,
        "offset": 54,
      },
      "type": "commentLinePrefix",
    },
  ],
  [
    "enter",
    {
      "_container": true,
      "_region": true,
      "end": {
        "_bufferIndex": -1,
        "_index": 1,
        "column": 40,
        "line": 10,
        "offset": 136,
      },
      "start": {
        "_bufferIndex": 0,
        "_index": 0,
        "column": 3,
        "line": 6,
        "offset": 56,
      },
      "type": "summary",
    },
  ],
  [
    "enter",
    {
      "end": {
        "_bufferIndex": 0,
        "_index": 0,
        "column": 3,
        "line": 6,
        "offset": 56,
      },
      "start": {
        "_bufferIndex": 0,
        "_index": 0,
        "column": 3,
        "line": 6,
        "offset": 56,
      },
      "type": "summaryMarker",
    },
  ],
  [
    "exit",
    {
      "end": {
        "_bufferIndex": 0,
        "_index": 0,
        "column": 3,
        "line": 6,
        "offset": 56,
      },
      "start": {
        "_bufferIndex": 0,
        "_index": 0,
        "column": 3,
        "line": 6,
        "offset": 56,
      },
      "type": "summaryMarker",
    },
  ],
  [
    "enter",
    {
      "end": {
        "_bufferIndex": -1,
        "_index": 1,
        "column": 25,
        "line": 6,
        "offset": 78,
      },
      "start": {
        "_bufferIndex": 0,
        "_index": 0,
        "column": 3,
        "line": 6,
        "offset": 56,
      },
      "type": "content",
    },
  ],
  [
    "enter",
    {
      "end": {
        "_bufferIndex": -1,
        "_index": 1,
        "column": 25,
        "line": 6,
        "offset": 78,
      },
      "start": {
        "_bufferIndex": 0,
        "_index": 0,
        "column": 3,
        "line": 6,
        "offset": 56,
      },
      "type": "paragraph",
    },
  ],
  [
    "enter",
    {
      "end": {
        "_bufferIndex": -1,
        "_index": 1,
        "column": 25,
        "line": 6,
        "offset": 78,
      },
      "start": {
        "_bufferIndex": 0,
        "_index": 0,
        "column": 3,
        "line": 6,
        "offset": 56,
      },
      "type": "data",
      "value": "Local Release Workflow",
    },
  ],
  [
    "exit",
    {
      "end": {
        "_bufferIndex": -1,
        "_index": 1,
        "column": 25,
        "line": 6,
        "offset": 78,
      },
      "start": {
        "_bufferIndex": 0,
        "_index": 0,
        "column": 3,
        "line": 6,
        "offset": 56,
      },
      "type": "data",
      "value": "Local Release Workflow",
    },
  ],
  [
    "exit",
    {
      "end": {
        "_bufferIndex": -1,
        "_index": 1,
        "column": 25,
        "line": 6,
        "offset": 78,
      },
      "start": {
        "_bufferIndex": 0,
        "_index": 0,
        "column": 3,
        "line": 6,
        "offset": 56,
      },
      "type": "paragraph",
    },
  ],
  [
    "exit",
    {
      "end": {
        "_bufferIndex": -1,
        "_index": 1,
        "column": 25,
        "line": 6,
        "offset": 78,
      },
      "start": {
        "_bufferIndex": 0,
        "_index": 0,
        "column": 3,
        "line": 6,
        "offset": 56,
      },
      "type": "content",
    },
  ],
  [
    "enter",
    {
      "end": {
        "_bufferIndex": -1,
        "_index": 2,
        "column": 1,
        "line": 7,
        "offset": 79,
      },
      "start": {
        "_bufferIndex": -1,
        "_index": 1,
        "column": 25,
        "line": 6,
        "offset": 78,
      },
      "type": "lineEnding",
      "value": "
",
    },
  ],
  [
    "exit",
    {
      "end": {
        "_bufferIndex": -1,
        "_index": 2,
        "column": 1,
        "line": 7,
        "offset": 79,
      },
      "start": {
        "_bufferIndex": -1,
        "_index": 1,
        "column": 25,
        "line": 6,
        "offset": 78,
      },
      "type": "lineEnding",
      "value": "
",
    },
  ],
  [
    "enter",
    {
      "end": {
        "_bufferIndex": -1,
        "_index": 11,
        "column": 2,
        "line": 7,
        "offset": 80,
      },
      "start": {
        "_bufferIndex": 0,
        "_index": 10,
        "column": 1,
        "line": 7,
        "offset": 79,
      },
      "type": "commentLinePrefix",
    },
  ],
  [
    "enter",
    {
      "end": {
        "_bufferIndex": -1,
        "_index": 11,
        "column": 2,
        "line": 7,
        "offset": 80,
      },
      "start": {
        "_bufferIndex": 0,
        "_index": 10,
        "column": 1,
        "line": 7,
        "offset": 79,
      },
      "type": "commentMarker",
      "value": "#",
    },
  ],
  [
    "exit",
    {
      "end": {
        "_bufferIndex": -1,
        "_index": 11,
        "column": 2,
        "line": 7,
        "offset": 80,
      },
      "start": {
        "_bufferIndex": 0,
        "_index": 10,
        "column": 1,
        "line": 7,
        "offset": 79,
      },
      "type": "commentMarker",
      "value": "#",
    },
  ],
  [
    "exit",
    {
      "end": {
        "_bufferIndex": -1,
        "_index": 11,
        "column": 2,
        "line": 7,
        "offset": 80,
      },
      "start": {
        "_bufferIndex": 0,
        "_index": 10,
        "column": 1,
        "line": 7,
        "offset": 79,
      },
      "type": "commentLinePrefix",
    },
  ],
  [
    "enter",
    {
      "end": {
        "_bufferIndex": -1,
        "_index": 3,
        "column": 1,
        "line": 8,
        "offset": 81,
      },
      "start": {
        "_bufferIndex": -1,
        "_index": 2,
        "column": 2,
        "line": 7,
        "offset": 80,
      },
      "type": "lineEndingBlank",
      "value": "
",
    },
  ],
  [
    "exit",
    {
      "end": {
        "_bufferIndex": -1,
        "_index": 3,
        "column": 1,
        "line": 8,
        "offset": 81,
      },
      "start": {
        "_bufferIndex": -1,
        "_index": 2,
        "column": 2,
        "line": 7,
        "offset": 80,
      },
      "type": "lineEndingBlank",
      "value": "
",
    },
  ],
  [
    "enter",
    {
      "end": {
        "_bufferIndex": 2,
        "_index": 12,
        "column": 3,
        "line": 8,
        "offset": 83,
      },
      "start": {
        "_bufferIndex": 0,
        "_index": 12,
        "column": 1,
        "line": 8,
        "offset": 81,
      },
      "type": "commentLinePrefix",
    },
  ],
  [
    "enter",
    {
      "end": {
        "_bufferIndex": 1,
        "_index": 12,
        "column": 2,
        "line": 8,
        "offset": 82,
      },
      "start": {
        "_bufferIndex": 0,
        "_index": 12,
        "column": 1,
        "line": 8,
        "offset": 81,
      },
      "type": "commentMarker",
      "value": "#",
    },
  ],
  [
    "exit",
    {
      "end": {
        "_bufferIndex": 1,
        "_index": 12,
        "column": 2,
        "line": 8,
        "offset": 82,
      },
      "start": {
        "_bufferIndex": 0,
        "_index": 12,
        "column": 1,
        "line": 8,
        "offset": 81,
      },
      "type": "commentMarker",
      "value": "#",
    },
  ],
  [
    "enter",
    {
      "end": {
        "_bufferIndex": 2,
        "_index": 12,
        "column": 3,
        "line": 8,
        "offset": 83,
      },
      "start": {
        "_bufferIndex": 1,
        "_index": 12,
        "column": 2,
        "line": 8,
        "offset": 82,
      },
      "type": "commentPadding",
      "value": " ",
    },
  ],
  [
    "exit",
    {
      "end": {
        "_bufferIndex": 2,
        "_index": 12,
        "column": 3,
        "line": 8,
        "offset": 83,
      },
      "start": {
        "_bufferIndex": 1,
        "_index": 12,
        "column": 2,
        "line": 8,
        "offset": 82,
      },
      "type": "commentPadding",
      "value": " ",
    },
  ],
  [
    "exit",
    {
      "end": {
        "_bufferIndex": 2,
        "_index": 12,
        "column": 3,
        "line": 8,
        "offset": 83,
      },
      "start": {
        "_bufferIndex": 0,
        "_index": 12,
        "column": 1,
        "line": 8,
        "offset": 81,
      },
      "type": "commentLinePrefix",
    },
  ],
  [
    "enter",
    {
      "end": {
        "_bufferIndex": -1,
        "_index": 4,
        "column": 14,
        "line": 8,
        "offset": 94,
      },
      "start": {
        "_bufferIndex": 0,
        "_index": 3,
        "column": 3,
        "line": 8,
        "offset": 83,
      },
      "type": "content",
    },
  ],
  [
    "enter",
    {
      "end": {
        "_bufferIndex": -1,
        "_index": 1,
        "column": 14,
        "line": 8,
        "offset": 94,
      },
      "start": {
        "_bufferIndex": 0,
        "_index": 0,
        "column": 3,
        "line": 8,
        "offset": 83,
      },
      "type": "paragraph",
    },
  ],
  [
    "enter",
    {
      "end": {
        "_bufferIndex": -1,
        "_index": 1,
        "column": 14,
        "line": 8,
        "offset": 94,
      },
      "start": {
        "_bufferIndex": 0,
        "_index": 0,
        "column": 3,
        "line": 8,
        "offset": 83,
      },
      "type": "data",
      "value": "References:",
    },
  ],
  [
    "exit",
    {
      "end": {
        "_bufferIndex": -1,
        "_index": 1,
        "column": 14,
        "line": 8,
        "offset": 94,
      },
      "start": {
        "_bufferIndex": 0,
        "_index": 0,
        "column": 3,
        "line": 8,
        "offset": 83,
      },
      "type": "data",
      "value": "References:",
    },
  ],
  [
    "exit",
    {
      "end": {
        "_bufferIndex": -1,
        "_index": 1,
        "column": 14,
        "line": 8,
        "offset": 94,
      },
      "start": {
        "_bufferIndex": 0,
        "_index": 0,
        "column": 3,
        "line": 8,
        "offset": 83,
      },
      "type": "paragraph",
    },
  ],
  [
    "exit",
    {
      "end": {
        "_bufferIndex": -1,
        "_index": 4,
        "column": 14,
        "line": 8,
        "offset": 94,
      },
      "start": {
        "_bufferIndex": 0,
        "_index": 3,
        "column": 3,
        "line": 8,
        "offset": 83,
      },
      "type": "content",
    },
  ],
  [
    "enter",
    {
      "end": {
        "_bufferIndex": -1,
        "_index": 5,
        "column": 1,
        "line": 9,
        "offset": 95,
      },
      "start": {
        "_bufferIndex": -1,
        "_index": 4,
        "column": 14,
        "line": 8,
        "offset": 94,
      },
      "type": "lineEnding",
      "value": "
",
    },
  ],
  [
    "exit",
    {
      "end": {
        "_bufferIndex": -1,
        "_index": 5,
        "column": 1,
        "line": 9,
        "offset": 95,
      },
      "start": {
        "_bufferIndex": -1,
        "_index": 4,
        "column": 14,
        "line": 8,
        "offset": 94,
      },
      "type": "lineEnding",
      "value": "
",
    },
  ],
  [
    "enter",
    {
      "end": {
        "_bufferIndex": -1,
        "_index": 15,
        "column": 2,
        "line": 9,
        "offset": 96,
      },
      "start": {
        "_bufferIndex": 0,
        "_index": 14,
        "column": 1,
        "line": 9,
        "offset": 95,
      },
      "type": "commentLinePrefix",
    },
  ],
  [
    "enter",
    {
      "end": {
        "_bufferIndex": -1,
        "_index": 15,
        "column": 2,
        "line": 9,
        "offset": 96,
      },
      "start": {
        "_bufferIndex": 0,
        "_index": 14,
        "column": 1,
        "line": 9,
        "offset": 95,
      },
      "type": "commentMarker",
      "value": "#",
    },
  ],
  [
    "exit",
    {
      "end": {
        "_bufferIndex": -1,
        "_index": 15,
        "column": 2,
        "line": 9,
        "offset": 96,
      },
      "start": {
        "_bufferIndex": 0,
        "_index": 14,
        "column": 1,
        "line": 9,
        "offset": 95,
      },
      "type": "commentMarker",
      "value": "#",
    },
  ],
  [
    "exit",
    {
      "end": {
        "_bufferIndex": -1,
        "_index": 15,
        "column": 2,
        "line": 9,
        "offset": 96,
      },
      "start": {
        "_bufferIndex": 0,
        "_index": 14,
        "column": 1,
        "line": 9,
        "offset": 95,
      },
      "type": "commentLinePrefix",
    },
  ],
  [
    "enter",
    {
      "end": {
        "_bufferIndex": -1,
        "_index": 6,
        "column": 1,
        "line": 10,
        "offset": 97,
      },
      "start": {
        "_bufferIndex": -1,
        "_index": 5,
        "column": 2,
        "line": 9,
        "offset": 96,
      },
      "type": "lineEndingBlank",
      "value": "
",
    },
  ],
  [
    "exit",
    {
      "end": {
        "_bufferIndex": -1,
        "_index": 6,
        "column": 1,
        "line": 10,
        "offset": 97,
      },
      "start": {
        "_bufferIndex": -1,
        "_index": 5,
        "column": 2,
        "line": 9,
        "offset": 96,
      },
      "type": "lineEndingBlank",
      "value": "
",
    },
  ],
  [
    "enter",
    {
      "end": {
        "_bufferIndex": 2,
        "_index": 16,
        "column": 3,
        "line": 10,
        "offset": 99,
      },
      "start": {
        "_bufferIndex": 0,
        "_index": 16,
        "column": 1,
        "line": 10,
        "offset": 97,
      },
      "type": "commentLinePrefix",
    },
  ],
  [
    "enter",
    {
      "end": {
        "_bufferIndex": 1,
        "_index": 16,
        "column": 2,
        "line": 10,
        "offset": 98,
      },
      "start": {
        "_bufferIndex": 0,
        "_index": 16,
        "column": 1,
        "line": 10,
        "offset": 97,
      },
      "type": "commentMarker",
      "value": "#",
    },
  ],
  [
    "exit",
    {
      "end": {
        "_bufferIndex": 1,
        "_index": 16,
        "column": 2,
        "line": 10,
        "offset": 98,
      },
      "start": {
        "_bufferIndex": 0,
        "_index": 16,
        "column": 1,
        "line": 10,
        "offset": 97,
      },
      "type": "commentMarker",
      "value": "#",
    },
  ],
  [
    "enter",
    {
      "end": {
        "_bufferIndex": 2,
        "_index": 16,
        "column": 3,
        "line": 10,
        "offset": 99,
      },
      "start": {
        "_bufferIndex": 1,
        "_index": 16,
        "column": 2,
        "line": 10,
        "offset": 98,
      },
      "type": "commentPadding",
      "value": " ",
    },
  ],
  [
    "exit",
    {
      "end": {
        "_bufferIndex": 2,
        "_index": 16,
        "column": 3,
        "line": 10,
        "offset": 99,
      },
      "start": {
        "_bufferIndex": 1,
        "_index": 16,
        "column": 2,
        "line": 10,
        "offset": 98,
      },
      "type": "commentPadding",
      "value": " ",
    },
  ],
  [
    "exit",
    {
      "end": {
        "_bufferIndex": 2,
        "_index": 16,
        "column": 3,
        "line": 10,
        "offset": 99,
      },
      "start": {
        "_bufferIndex": 0,
        "_index": 16,
        "column": 1,
        "line": 10,
        "offset": 97,
      },
      "type": "commentLinePrefix",
    },
  ],
  [
    "enter",
    {
      "_container": true,
      "end": {
        "_bufferIndex": -1,
        "_index": 1,
        "column": 40,
        "line": 10,
        "offset": 136,
      },
      "start": {
        "_bufferIndex": 0,
        "_index": 6,
        "column": 3,
        "line": 10,
        "offset": 99,
      },
      "type": "listUnordered",
    },
  ],
  [
    "enter",
    {
      "end": {
        "_bufferIndex": 2,
        "_index": 6,
        "column": 5,
        "line": 10,
        "offset": 101,
      },
      "start": {
        "_bufferIndex": 0,
        "_index": 6,
        "column": 3,
        "line": 10,
        "offset": 99,
      },
      "type": "listItemPrefix",
    },
  ],
  [
    "enter",
    {
      "end": {
        "_bufferIndex": 1,
        "_index": 6,
        "column": 4,
        "line": 10,
        "offset": 100,
      },
      "start": {
        "_bufferIndex": 0,
        "_index": 6,
        "column": 3,
        "line": 10,
        "offset": 99,
      },
      "type": "listItemMarker",
      "value": "-",
    },
  ],
  [
    "exit",
    {
      "end": {
        "_bufferIndex": 1,
        "_index": 6,
        "column": 4,
        "line": 10,
        "offset": 100,
      },
      "start": {
        "_bufferIndex": 0,
        "_index": 6,
        "column": 3,
        "line": 10,
        "offset": 99,
      },
      "type": "listItemMarker",
      "value": "-",
    },
  ],
  [
    "enter",
    {
      "end": {
        "_bufferIndex": 2,
        "_index": 6,
        "column": 5,
        "line": 10,
        "offset": 101,
      },
      "start": {
        "_bufferIndex": 1,
        "_index": 6,
        "column": 4,
        "line": 10,
        "offset": 100,
      },
      "type": "listItemPrefixWhitespace",
      "value": " ",
    },
  ],
  [
    "exit",
    {
      "end": {
        "_bufferIndex": 2,
        "_index": 6,
        "column": 5,
        "line": 10,
        "offset": 101,
      },
      "start": {
        "_bufferIndex": 1,
        "_index": 6,
        "column": 4,
        "line": 10,
        "offset": 100,
      },
      "type": "listItemPrefixWhitespace",
      "value": " ",
    },
  ],
  [
    "exit",
    {
      "end": {
        "_bufferIndex": 2,
        "_index": 6,
        "column": 5,
        "line": 10,
        "offset": 101,
      },
      "start": {
        "_bufferIndex": 0,
        "_index": 6,
        "column": 3,
        "line": 10,
        "offset": 99,
      },
      "type": "listItemPrefix",
    },
  ],
  [
    "enter",
    {
      "end": {
        "_bufferIndex": -1,
        "_index": 1,
        "column": 40,
        "line": 10,
        "offset": 136,
      },
      "start": {
        "_bufferIndex": 0,
        "_index": 0,
        "column": 5,
        "line": 10,
        "offset": 101,
      },
      "type": "content",
    },
  ],
  [
    "enter",
    {
      "end": {
        "_bufferIndex": -1,
        "_index": 1,
        "column": 40,
        "line": 10,
        "offset": 136,
      },
      "start": {
        "_bufferIndex": 0,
        "_index": 0,
        "column": 5,
        "line": 10,
        "offset": 101,
      },
      "type": "paragraph",
    },
  ],
  [
    "enter",
    {
      "end": {
        "_bufferIndex": -1,
        "_index": 1,
        "column": 40,
        "line": 10,
        "offset": 136,
      },
      "start": {
        "_bufferIndex": 0,
        "_index": 0,
        "column": 5,
        "line": 10,
        "offset": 101,
      },
      "type": "data",
      "value": "https://git-scm.com/docs/git-commit",
    },
  ],
  [
    "exit",
    {
      "end": {
        "_bufferIndex": -1,
        "_index": 1,
        "column": 40,
        "line": 10,
        "offset": 136,
      },
      "start": {
        "_bufferIndex": 0,
        "_index": 0,
        "column": 5,
        "line": 10,
        "offset": 101,
      },
      "type": "data",
      "value": "https://git-scm.com/docs/git-commit",
    },
  ],
  [
    "exit",
    {
      "end": {
        "_bufferIndex": -1,
        "_index": 1,
        "column": 40,
        "line": 10,
        "offset": 136,
      },
      "start": {
        "_bufferIndex": 0,
        "_index": 0,
        "column": 5,
        "line": 10,
        "offset": 101,
      },
      "type": "paragraph",
    },
  ],
  [
    "exit",
    {
      "end": {
        "_bufferIndex": -1,
        "_index": 1,
        "column": 40,
        "line": 10,
        "offset": 136,
      },
      "start": {
        "_bufferIndex": 0,
        "_index": 0,
        "column": 5,
        "line": 10,
        "offset": 101,
      },
      "type": "content",
    },
  ],
  [
    "exit",
    {
      "_container": true,
      "end": {
        "_bufferIndex": -1,
        "_index": 1,
        "column": 40,
        "line": 10,
        "offset": 136,
      },
      "start": {
        "_bufferIndex": 0,
        "_index": 6,
        "column": 3,
        "line": 10,
        "offset": 99,
      },
      "type": "listUnordered",
    },
  ],
  [
    "exit",
    {
      "_container": true,
      "_region": true,
      "end": {
        "_bufferIndex": -1,
        "_index": 1,
        "column": 40,
        "line": 10,
        "offset": 136,
      },
      "start": {
        "_bufferIndex": 0,
        "_index": 0,
        "column": 3,
        "line": 6,
        "offset": 56,
      },
      "type": "summary",
    },
  ],
  [
    "enter",
    {
      "end": {
        "_bufferIndex": -1,
        "_index": 2,
        "column": 1,
        "line": 11,
        "offset": 137,
      },
      "start": {
        "_bufferIndex": -1,
        "_index": 1,
        "column": 40,
        "line": 10,
        "offset": 136,
      },
      "type": "lineEnding",
      "value": "
",
    },
  ],
  [
    "exit",
    {
      "end": {
        "_bufferIndex": -1,
        "_index": 2,
        "column": 1,
        "line": 11,
        "offset": 137,
      },
      "start": {
        "_bufferIndex": -1,
        "_index": 1,
        "column": 40,
        "line": 10,
        "offset": 136,
      },
      "type": "lineEnding",
      "value": "
",
    },
  ],
  [
    "exit",
    {
      "end": {
        "_bufferIndex": -1,
        "_index": 18,
        "column": 1,
        "line": 11,
        "offset": 137,
      },
      "kind": "line",
      "start": {
        "_bufferIndex": 0,
        "_index": 8,
        "column": 1,
        "line": 6,
        "offset": 54,
      },
      "type": "comment",
    },
  ],
  [
    "enter",
    {
      "end": {
        "_bufferIndex": -1,
        "_index": 49,
        "column": 1,
        "line": 28,
        "offset": 485,
      },
      "start": {
        "_bufferIndex": -1,
        "_index": 48,
        "column": 1,
        "line": 28,
        "offset": 485,
      },
      "type": "eoc",
    },
  ],
  [
    "exit",
    {
      "end": {
        "_bufferIndex": -1,
        "_index": 49,
        "column": 1,
        "line": 28,
        "offset": 485,
      },
      "start": {
        "_bufferIndex": -1,
        "_index": 48,
        "column": 1,
        "line": 28,
        "offset": 485,
      },
      "type": "eoc",
    },
  ],
]
`;
